Archive member included to satisfy reference by file (symbol)

/usr/bin/../lib/gcc/arm-none-eabi/7.3.1/thumb/v7-m/libgcc.a(_arm_addsubdf3.o)
                              mpu6050.o (__aeabi_dadd)
/usr/bin/../lib/gcc/arm-none-eabi/7.3.1/thumb/v7-m/libgcc.a(_arm_muldivdf3.o)
                              mpu6050.o (__aeabi_dmul)
/usr/bin/../lib/gcc/arm-none-eabi/7.3.1/thumb/v7-m/libgcc.a(_arm_truncdfsf2.o)
                              mpu6050.o (__aeabi_d2f)
/usr/bin/../lib/gcc/arm-none-eabi/7.3.1/thumb/v7-m/libgcc.a(_arm_addsubsf3.o)
                              mpu6050.o (__aeabi_fadd)
/usr/bin/../lib/gcc/arm-none-eabi/7.3.1/thumb/v7-m/libgcc.a(_arm_muldivsf3.o)
                              mpu6050.o (__aeabi_fmul)
/usr/bin/../lib/gcc/arm-none-eabi/7.3.1/thumb/v7-m/libgcc.a(_arm_cmpsf2.o)
                              mpu6050.o (__aeabi_fcmplt)
/usr/bin/../lib/gcc/arm-none-eabi/7.3.1/thumb/v7-m/libgcc.a(_arm_fixsfsi.o)
                              mpu6050.o (__aeabi_f2iz)
/usr/bin/../lib/gcc/arm-none-eabi/7.3.1/thumb/v7-m/libgcc.a(_aeabi_uldivmod.o)
                              hwlib.o (__aeabi_uldivmod)
/usr/bin/../lib/gcc/arm-none-eabi/7.3.1/thumb/v7-m/libgcc.a(_udivmoddi4.o)
                              /usr/bin/../lib/gcc/arm-none-eabi/7.3.1/thumb/v7-m/libgcc.a(_aeabi_uldivmod.o) (__udivmoddi4)
/usr/bin/../lib/gcc/arm-none-eabi/7.3.1/thumb/v7-m/libgcc.a(_dvmd_tls.o)
                              /usr/bin/../lib/gcc/arm-none-eabi/7.3.1/thumb/v7-m/libgcc.a(_aeabi_uldivmod.o) (__aeabi_ldiv0)

Allocating common symbols
Common symbol       size              file

__dso_handle        0x4               bmptk_cortex.o

Discarded input sections

 .group         0x0000000000000000        0x8 mpu6050.o
 .group         0x0000000000000000        0xc mpu6050.o
 .group         0x0000000000000000        0xc mpu6050.o
 .group         0x0000000000000000        0x8 mpu6050.o
 .group         0x0000000000000000        0x8 mpu6050.o
 .group         0x0000000000000000        0x8 mpu6050.o
 .group         0x0000000000000000        0x8 mpu6050.o
 .group         0x0000000000000000        0x8 mpu6050.o
 .group         0x0000000000000000        0x8 mpu6050.o
 .group         0x0000000000000000        0xc mpu6050.o
 .text          0x0000000000000000        0x0 mpu6050.o
 .data          0x0000000000000000        0x0 mpu6050.o
 .bss           0x0000000000000000        0x0 mpu6050.o
 .text._ZN3due11ad_pin_infoENS_7ad_pinsE
                0x0000000000000000       0x1c mpu6050.o
 .text._ZN3due11ad_seq_infoEm
                0x0000000000000000       0x20 mpu6050.o
 .text._ZN5hwlib19uart_char_availableEv
                0x0000000000000000        0x4 mpu6050.o
 .text._ZN5hwlib9uart_getcEv
                0x0000000000000000        0x4 mpu6050.o
 .text._ZN7mpu605011enableSleepEv
                0x0000000000000000       0x34 mpu6050.o
 .text._ZN7mpu60506freezeEv
                0x0000000000000000       0x34 mpu6050.o
 .rodata        0x0000000000000000        0x4 mpu6050.o
 .rodata._ZZN3due11ad_pin_infoENS_7ad_pinsEE17ad_pin_info_array
                0x0000000000000000        0xc mpu6050.o
 .rodata._ZZN3due11ad_seq_infoEmE12ad_seq_array
                0x0000000000000000       0x70 mpu6050.o
 .group         0x0000000000000000        0x8 hwlib.o
 .group         0x0000000000000000        0x8 hwlib.o
 .group         0x0000000000000000        0x8 hwlib.o
 .group         0x0000000000000000        0x8 hwlib.o
 .group         0x0000000000000000        0x8 hwlib.o
 .group         0x0000000000000000        0x8 hwlib.o
 .group         0x0000000000000000        0x8 hwlib.o
 .group         0x0000000000000000        0x8 hwlib.o
 .group         0x0000000000000000        0x8 hwlib.o
 .group         0x0000000000000000        0x8 hwlib.o
 .group         0x0000000000000000        0x8 hwlib.o
 .group         0x0000000000000000        0x8 hwlib.o
 .group         0x0000000000000000        0x8 hwlib.o
 .group         0x0000000000000000        0x8 hwlib.o
 .group         0x0000000000000000        0x8 hwlib.o
 .group         0x0000000000000000        0x8 hwlib.o
 .group         0x0000000000000000        0x8 hwlib.o
 .group         0x0000000000000000        0x8 hwlib.o
 .group         0x0000000000000000        0x8 hwlib.o
 .group         0x0000000000000000        0x8 hwlib.o
 .group         0x0000000000000000        0x8 hwlib.o
 .group         0x0000000000000000        0x8 hwlib.o
 .group         0x0000000000000000        0x8 hwlib.o
 .group         0x0000000000000000        0x8 hwlib.o
 .group         0x0000000000000000        0x8 hwlib.o
 .group         0x0000000000000000        0x8 hwlib.o
 .group         0x0000000000000000        0x8 hwlib.o
 .group         0x0000000000000000        0x8 hwlib.o
 .group         0x0000000000000000        0x8 hwlib.o
 .group         0x0000000000000000        0x8 hwlib.o
 .group         0x0000000000000000        0x8 hwlib.o
 .group         0x0000000000000000        0x8 hwlib.o
 .group         0x0000000000000000        0x8 hwlib.o
 .group         0x0000000000000000        0x8 hwlib.o
 .group         0x0000000000000000        0x8 hwlib.o
 .group         0x0000000000000000        0x8 hwlib.o
 .group         0x0000000000000000        0x8 hwlib.o
 .group         0x0000000000000000        0x8 hwlib.o
 .group         0x0000000000000000        0x8 hwlib.o
 .group         0x0000000000000000        0x8 hwlib.o
 .group         0x0000000000000000        0x8 hwlib.o
 .group         0x0000000000000000        0x8 hwlib.o
 .group         0x0000000000000000        0x8 hwlib.o
 .group         0x0000000000000000        0x8 hwlib.o
 .group         0x0000000000000000        0x8 hwlib.o
 .group         0x0000000000000000        0x8 hwlib.o
 .group         0x0000000000000000        0x8 hwlib.o
 .group         0x0000000000000000        0x8 hwlib.o
 .group         0x0000000000000000        0x8 hwlib.o
 .group         0x0000000000000000        0x8 hwlib.o
 .group         0x0000000000000000        0x8 hwlib.o
 .group         0x0000000000000000        0x8 hwlib.o
 .group         0x0000000000000000        0x8 hwlib.o
 .group         0x0000000000000000        0x8 hwlib.o
 .group         0x0000000000000000        0x8 hwlib.o
 .group         0x0000000000000000        0x8 hwlib.o
 .group         0x0000000000000000        0x8 hwlib.o
 .group         0x0000000000000000        0x8 hwlib.o
 .group         0x0000000000000000        0x8 hwlib.o
 .group         0x0000000000000000        0x8 hwlib.o
 .group         0x0000000000000000        0x8 hwlib.o
 .group         0x0000000000000000        0x8 hwlib.o
 .group         0x0000000000000000        0x8 hwlib.o
 .group         0x0000000000000000        0x8 hwlib.o
 .group         0x0000000000000000        0x8 hwlib.o
 .group         0x0000000000000000        0x8 hwlib.o
 .group         0x0000000000000000        0x8 hwlib.o
 .group         0x0000000000000000        0x8 hwlib.o
 .group         0x0000000000000000        0x8 hwlib.o
 .group         0x0000000000000000        0x8 hwlib.o
 .group         0x0000000000000000        0x8 hwlib.o
 .group         0x0000000000000000        0x8 hwlib.o
 .group         0x0000000000000000        0x8 hwlib.o
 .group         0x0000000000000000        0x8 hwlib.o
 .group         0x0000000000000000        0x8 hwlib.o
 .group         0x0000000000000000        0x8 hwlib.o
 .group         0x0000000000000000        0x8 hwlib.o
 .group         0x0000000000000000        0x8 hwlib.o
 .group         0x0000000000000000        0x8 hwlib.o
 .group         0x0000000000000000        0x8 hwlib.o
 .group         0x0000000000000000        0x8 hwlib.o
 .group         0x0000000000000000        0x8 hwlib.o
 .group         0x0000000000000000        0x8 hwlib.o
 .group         0x0000000000000000        0x8 hwlib.o
 .group         0x0000000000000000        0x8 hwlib.o
 .group         0x0000000000000000        0x8 hwlib.o
 .group         0x0000000000000000        0x8 hwlib.o
 .group         0x0000000000000000        0x8 hwlib.o
 .group         0x0000000000000000        0x8 hwlib.o
 .group         0x0000000000000000        0x8 hwlib.o
 .group         0x0000000000000000        0x8 hwlib.o
 .group         0x0000000000000000        0x8 hwlib.o
 .group         0x0000000000000000        0x8 hwlib.o
 .group         0x0000000000000000        0x8 hwlib.o
 .group         0x0000000000000000        0x8 hwlib.o
 .group         0x0000000000000000        0x8 hwlib.o
 .group         0x0000000000000000        0x8 hwlib.o
 .group         0x0000000000000000        0x8 hwlib.o
 .group         0x0000000000000000        0x8 hwlib.o
 .group         0x0000000000000000        0x8 hwlib.o
 .group         0x0000000000000000        0x8 hwlib.o
 .group         0x0000000000000000        0x8 hwlib.o
 .group         0x0000000000000000        0x8 hwlib.o
 .group         0x0000000000000000        0x8 hwlib.o
 .group         0x0000000000000000        0x8 hwlib.o
 .group         0x0000000000000000        0x8 hwlib.o
 .group         0x0000000000000000        0x8 hwlib.o
 .group         0x0000000000000000        0x8 hwlib.o
 .group         0x0000000000000000        0x8 hwlib.o
 .group         0x0000000000000000        0x8 hwlib.o
 .group         0x0000000000000000        0x8 hwlib.o
 .group         0x0000000000000000        0x8 hwlib.o
 .group         0x0000000000000000        0x8 hwlib.o
 .group         0x0000000000000000        0x8 hwlib.o
 .group         0x0000000000000000        0x8 hwlib.o
 .group         0x0000000000000000        0x8 hwlib.o
 .group         0x0000000000000000        0x8 hwlib.o
 .group         0x0000000000000000        0x8 hwlib.o
 .group         0x0000000000000000        0x8 hwlib.o
 .group         0x0000000000000000        0x8 hwlib.o
 .group         0x0000000000000000        0x8 hwlib.o
 .group         0x0000000000000000        0x8 hwlib.o
 .group         0x0000000000000000        0x8 hwlib.o
 .group         0x0000000000000000        0x8 hwlib.o
 .group         0x0000000000000000        0x8 hwlib.o
 .group         0x0000000000000000        0x8 hwlib.o
 .group         0x0000000000000000        0x8 hwlib.o
 .group         0x0000000000000000        0x8 hwlib.o
 .group         0x0000000000000000        0x8 hwlib.o
 .group         0x0000000000000000        0x8 hwlib.o
 .group         0x0000000000000000        0x8 hwlib.o
 .group         0x0000000000000000        0x8 hwlib.o
 .group         0x0000000000000000        0x8 hwlib.o
 .group         0x0000000000000000        0x8 hwlib.o
 .group         0x0000000000000000        0x8 hwlib.o
 .group         0x0000000000000000        0x8 hwlib.o
 .group         0x0000000000000000        0x8 hwlib.o
 .group         0x0000000000000000        0x8 hwlib.o
 .group         0x0000000000000000        0x8 hwlib.o
 .group         0x0000000000000000        0x8 hwlib.o
 .group         0x0000000000000000        0x8 hwlib.o
 .group         0x0000000000000000        0x8 hwlib.o
 .group         0x0000000000000000        0x8 hwlib.o
 .group         0x0000000000000000        0x8 hwlib.o
 .group         0x0000000000000000        0x8 hwlib.o
 .group         0x0000000000000000        0x8 hwlib.o
 .group         0x0000000000000000        0x8 hwlib.o
 .group         0x0000000000000000        0x8 hwlib.o
 .group         0x0000000000000000        0x8 hwlib.o
 .group         0x0000000000000000        0x8 hwlib.o
 .group         0x0000000000000000        0x8 hwlib.o
 .group         0x0000000000000000        0x8 hwlib.o
 .group         0x0000000000000000        0x8 hwlib.o
 .group         0x0000000000000000        0x8 hwlib.o
 .group         0x0000000000000000        0x8 hwlib.o
 .group         0x0000000000000000        0x8 hwlib.o
 .group         0x0000000000000000        0x8 hwlib.o
 .group         0x0000000000000000        0x8 hwlib.o
 .group         0x0000000000000000        0x8 hwlib.o
 .group         0x0000000000000000        0x8 hwlib.o
 .group         0x0000000000000000        0x8 hwlib.o
 .group         0x0000000000000000        0x8 hwlib.o
 .group         0x0000000000000000        0x8 hwlib.o
 .group         0x0000000000000000        0x8 hwlib.o
 .group         0x0000000000000000        0x8 hwlib.o
 .group         0x0000000000000000        0x8 hwlib.o
 .group         0x0000000000000000        0x8 hwlib.o
 .group         0x0000000000000000        0x8 hwlib.o
 .group         0x0000000000000000        0x8 hwlib.o
 .group         0x0000000000000000        0x8 hwlib.o
 .group         0x0000000000000000        0x8 hwlib.o
 .group         0x0000000000000000        0x8 hwlib.o
 .group         0x0000000000000000        0x8 hwlib.o
 .group         0x0000000000000000        0x8 hwlib.o
 .group         0x0000000000000000        0x8 hwlib.o
 .group         0x0000000000000000        0x8 hwlib.o
 .group         0x0000000000000000        0x8 hwlib.o
 .group         0x0000000000000000        0x8 hwlib.o
 .group         0x0000000000000000        0x8 hwlib.o
 .group         0x0000000000000000        0x8 hwlib.o
 .group         0x0000000000000000        0x8 hwlib.o
 .group         0x0000000000000000        0x8 hwlib.o
 .group         0x0000000000000000        0xc hwlib.o
 .group         0x0000000000000000        0x8 hwlib.o
 .group         0x0000000000000000        0x8 hwlib.o
 .group         0x0000000000000000        0x8 hwlib.o
 .group         0x0000000000000000        0xc hwlib.o
 .group         0x0000000000000000        0xc hwlib.o
 .group         0x0000000000000000        0x8 hwlib.o
 .group         0x0000000000000000        0xc hwlib.o
 .group         0x0000000000000000        0xc hwlib.o
 .group         0x0000000000000000        0x8 hwlib.o
 .group         0x0000000000000000        0xc hwlib.o
 .group         0x0000000000000000        0xc hwlib.o
 .group         0x0000000000000000        0xc hwlib.o
 .group         0x0000000000000000        0xc hwlib.o
 .group         0x0000000000000000        0xc hwlib.o
 .group         0x0000000000000000        0xc hwlib.o
 .group         0x0000000000000000        0xc hwlib.o
 .group         0x0000000000000000        0xc hwlib.o
 .group         0x0000000000000000        0xc hwlib.o
 .group         0x0000000000000000        0xc hwlib.o
 .group         0x0000000000000000        0xc hwlib.o
 .group         0x0000000000000000        0xc hwlib.o
 .group         0x0000000000000000        0xc hwlib.o
 .group         0x0000000000000000        0xc hwlib.o
 .group         0x0000000000000000        0xc hwlib.o
 .group         0x0000000000000000        0xc hwlib.o
 .group         0x0000000000000000        0xc hwlib.o
 .group         0x0000000000000000        0xc hwlib.o
 .group         0x0000000000000000        0xc hwlib.o
 .group         0x0000000000000000        0xc hwlib.o
 .group         0x0000000000000000        0xc hwlib.o
 .group         0x0000000000000000        0xc hwlib.o
 .group         0x0000000000000000        0xc hwlib.o
 .group         0x0000000000000000        0xc hwlib.o
 .group         0x0000000000000000        0xc hwlib.o
 .group         0x0000000000000000        0xc hwlib.o
 .group         0x0000000000000000        0xc hwlib.o
 .group         0x0000000000000000        0xc hwlib.o
 .group         0x0000000000000000        0xc hwlib.o
 .group         0x0000000000000000        0xc hwlib.o
 .group         0x0000000000000000        0xc hwlib.o
 .group         0x0000000000000000        0xc hwlib.o
 .group         0x0000000000000000        0xc hwlib.o
 .group         0x0000000000000000        0xc hwlib.o
 .group         0x0000000000000000        0xc hwlib.o
 .group         0x0000000000000000        0xc hwlib.o
 .group         0x0000000000000000        0xc hwlib.o
 .group         0x0000000000000000        0xc hwlib.o
 .group         0x0000000000000000        0xc hwlib.o
 .group         0x0000000000000000        0xc hwlib.o
 .group         0x0000000000000000        0xc hwlib.o
 .group         0x0000000000000000        0xc hwlib.o
 .group         0x0000000000000000        0xc hwlib.o
 .group         0x0000000000000000        0xc hwlib.o
 .group         0x0000000000000000        0xc hwlib.o
 .group         0x0000000000000000        0xc hwlib.o
 .group         0x0000000000000000        0xc hwlib.o
 .group         0x0000000000000000        0xc hwlib.o
 .group         0x0000000000000000        0xc hwlib.o
 .group         0x0000000000000000        0xc hwlib.o
 .group         0x0000000000000000        0xc hwlib.o
 .group         0x0000000000000000        0xc hwlib.o
 .group         0x0000000000000000        0xc hwlib.o
 .group         0x0000000000000000        0xc hwlib.o
 .group         0x0000000000000000        0xc hwlib.o
 .group         0x0000000000000000        0xc hwlib.o
 .group         0x0000000000000000        0xc hwlib.o
 .group         0x0000000000000000        0xc hwlib.o
 .text          0x0000000000000000        0x0 hwlib.o
 .data          0x0000000000000000        0x0 hwlib.o
 .bss           0x0000000000000000        0x0 hwlib.o
 .text._ZN5hwlib18pin_in_out_dummy_t5writeEb
                0x0000000000000000        0x2 hwlib.o
 .text._ZN5hwlib18pin_in_out_dummy_t4readEv
                0x0000000000000000        0x4 hwlib.o
 .text._ZN5hwlib18pin_in_out_dummy_t19direction_set_inputEv
                0x0000000000000000        0x2 hwlib.o
 .text._ZN5hwlib18pin_in_out_dummy_t20direction_set_outputEv
                0x0000000000000000        0x2 hwlib.o
 .text._ZN5hwlib18pin_in_out_dummy_t5flushEv
                0x0000000000000000        0x2 hwlib.o
 .text._ZN5hwlib18pin_in_out_dummy_t7refreshEv
                0x0000000000000000        0x2 hwlib.o
 .text._ZN5hwlib18pin_in_out_dummy_t15direction_flushEv
                0x0000000000000000        0x2 hwlib.o
 .text._ZN5hwlib14pin_in_dummy_t4readEv
                0x0000000000000000        0x4 hwlib.o
 .text._ZN5hwlib14pin_in_dummy_t7refreshEv
                0x0000000000000000        0x2 hwlib.o
 .text._ZN5hwlib15pin_out_dummy_t5writeEb
                0x0000000000000000        0x2 hwlib.o
 .text._ZN5hwlib15pin_out_dummy_t5flushEv
                0x0000000000000000        0x2 hwlib.o
 .text._ZN5hwlib14pin_oc_dummy_t5writeEb
                0x0000000000000000        0x2 hwlib.o
 .text._ZN5hwlib14pin_oc_dummy_t4readEv
                0x0000000000000000        0x4 hwlib.o
 .text._ZN5hwlib14pin_oc_dummy_t5flushEv
                0x0000000000000000        0x2 hwlib.o
 .text._ZN5hwlib14pin_oc_dummy_t7refreshEv
                0x0000000000000000        0x2 hwlib.o
 .text._ZN5hwlib17pin_out_from_oc_t5writeEb
                0x0000000000000000        0x8 hwlib.o
 .text._ZN5hwlib17pin_out_from_oc_t5flushEv
                0x0000000000000000        0x8 hwlib.o
 .text._ZN5hwlib18pin_out_from_out_t5writeEb
                0x0000000000000000        0x8 hwlib.o
 .text._ZN5hwlib18pin_out_from_out_t5flushEv
                0x0000000000000000        0x8 hwlib.o
 .text._ZN5hwlib21pin_out_from_in_out_t5writeEb
                0x0000000000000000        0x8 hwlib.o
 .text._ZN5hwlib21pin_out_from_in_out_t5flushEv
                0x0000000000000000        0x8 hwlib.o
 .text._ZN5hwlib16pin_in_from_oc_t4readEv
                0x0000000000000000        0x8 hwlib.o
 .text._ZN5hwlib16pin_in_from_oc_t7refreshEv
                0x0000000000000000        0x8 hwlib.o
 .text._ZN5hwlib16pin_in_from_in_t4readEv
                0x0000000000000000        0x8 hwlib.o
 .text._ZN5hwlib16pin_in_from_in_t7refreshEv
                0x0000000000000000        0x8 hwlib.o
 .text._ZN5hwlib20pin_in_from_in_out_t4readEv
                0x0000000000000000        0x8 hwlib.o
 .text._ZN5hwlib20pin_in_from_in_out_t7refreshEv
                0x0000000000000000        0x8 hwlib.o
 .text._ZN5hwlib20pin_in_out_from_oc_t19direction_set_inputEv
                0x0000000000000000        0xe hwlib.o
 .text._ZN5hwlib20pin_in_out_from_oc_t20direction_set_outputEv
                0x0000000000000000        0x6 hwlib.o
 .text._ZN5hwlib20pin_in_out_from_oc_t4readEv
                0x0000000000000000        0x8 hwlib.o
 .text._ZN5hwlib20pin_in_out_from_oc_t5flushEv
                0x0000000000000000        0x8 hwlib.o
 .text._ZN5hwlib20pin_in_out_from_oc_t7refreshEv
                0x0000000000000000        0x8 hwlib.o
 .text._ZN5hwlib20pin_in_out_from_oc_t15direction_flushEv
                0x0000000000000000        0x8 hwlib.o
 .text._ZN5hwlib24pin_in_out_from_in_out_t19direction_set_inputEv
                0x0000000000000000        0x8 hwlib.o
 .text._ZN5hwlib24pin_in_out_from_in_out_t20direction_set_outputEv
                0x0000000000000000        0x8 hwlib.o
 .text._ZN5hwlib24pin_in_out_from_in_out_t4readEv
                0x0000000000000000        0x8 hwlib.o
 .text._ZN5hwlib24pin_in_out_from_in_out_t5writeEb
                0x0000000000000000        0x8 hwlib.o
 .text._ZN5hwlib24pin_in_out_from_in_out_t5flushEv
                0x0000000000000000        0x8 hwlib.o
 .text._ZN5hwlib24pin_in_out_from_in_out_t7refreshEv
                0x0000000000000000        0x8 hwlib.o
 .text._ZN5hwlib24pin_in_out_from_in_out_t15direction_flushEv
                0x0000000000000000        0x8 hwlib.o
 .text._ZN5hwlib16pin_oc_from_oc_t4readEv
                0x0000000000000000        0x8 hwlib.o
 .text._ZN5hwlib16pin_oc_from_oc_t5writeEb
                0x0000000000000000        0x8 hwlib.o
 .text._ZN5hwlib16pin_oc_from_oc_t5flushEv
                0x0000000000000000        0x8 hwlib.o
 .text._ZN5hwlib16pin_oc_from_oc_t7refreshEv
                0x0000000000000000        0x8 hwlib.o
 .text._ZN5hwlib20pin_oc_from_in_out_t4readEv
                0x0000000000000000        0x8 hwlib.o
 .text._ZN5hwlib20pin_oc_from_in_out_t5flushEv
                0x0000000000000000       0x18 hwlib.o
 .text._ZN5hwlib20pin_oc_from_in_out_t7refreshEv
                0x0000000000000000        0x8 hwlib.o
 .text._ZN5hwlib21pin_invert_from_out_t5writeEb
                0x0000000000000000        0xc hwlib.o
 .text._ZN5hwlib21pin_invert_from_out_t5flushEv
                0x0000000000000000        0x8 hwlib.o
 .text._ZN5hwlib20pin_invert_from_in_t4readEv
                0x0000000000000000       0x12 hwlib.o
 .text._ZN5hwlib20pin_invert_from_in_t7refreshEv
                0x0000000000000000        0x8 hwlib.o
 .text._ZN5hwlib24pin_invert_from_in_out_t4readEv
                0x0000000000000000       0x12 hwlib.o
 .text._ZN5hwlib24pin_invert_from_in_out_t5writeEb
                0x0000000000000000        0xc hwlib.o
 .text._ZN5hwlib24pin_invert_from_in_out_t19direction_set_inputEv
                0x0000000000000000        0x8 hwlib.o
 .text._ZN5hwlib24pin_invert_from_in_out_t20direction_set_outputEv
                0x0000000000000000        0x8 hwlib.o
 .text._ZN5hwlib24pin_invert_from_in_out_t7refreshEv
                0x0000000000000000        0x8 hwlib.o
 .text._ZN5hwlib24pin_invert_from_in_out_t5flushEv
                0x0000000000000000        0x8 hwlib.o
 .text._ZN5hwlib24pin_invert_from_in_out_t15direction_flushEv
                0x0000000000000000        0x8 hwlib.o
 .text._ZN5hwlib20pin_invert_from_oc_t4readEv
                0x0000000000000000       0x12 hwlib.o
 .text._ZN5hwlib20pin_invert_from_oc_t5writeEb
                0x0000000000000000        0xc hwlib.o
 .text._ZN5hwlib20pin_invert_from_oc_t7refreshEv
                0x0000000000000000        0x8 hwlib.o
 .text._ZN5hwlib20pin_invert_from_oc_t5flushEv
                0x0000000000000000        0x8 hwlib.o
 .text._ZN5hwlib18all_from_pin_out_t5writeEb
                0x0000000000000000       0x1e hwlib.o
 .text._ZN5hwlib18all_from_pin_out_t5flushEv
                0x0000000000000000       0x1a hwlib.o
 .text._ZN5hwlib24pin_direct_from_in_out_t5writeEb
                0x0000000000000000       0x18 hwlib.o
 .text._ZN5hwlib24pin_direct_from_in_out_t4readEv
                0x0000000000000000       0x18 hwlib.o
 .text._ZN5hwlib24pin_direct_from_in_out_t19direction_set_inputEv
                0x0000000000000000       0x18 hwlib.o
 .text._ZN5hwlib24pin_direct_from_in_out_t20direction_set_outputEv
                0x0000000000000000       0x18 hwlib.o
 .text._ZN5hwlib24pin_direct_from_in_out_t5flushEv
                0x0000000000000000        0x2 hwlib.o
 .text._ZN5hwlib24pin_direct_from_in_out_t7refreshEv
                0x0000000000000000        0x2 hwlib.o
 .text._ZN5hwlib24pin_direct_from_in_out_t15direction_flushEv
                0x0000000000000000        0x2 hwlib.o
 .text._ZN5hwlib20pin_direct_from_in_t4readEv
                0x0000000000000000       0x18 hwlib.o
 .text._ZN5hwlib20pin_direct_from_in_t7refreshEv
                0x0000000000000000        0x2 hwlib.o
 .text._ZN5hwlib21pin_direct_from_out_t5writeEb
                0x0000000000000000       0x18 hwlib.o
 .text._ZN5hwlib21pin_direct_from_out_t5flushEv
                0x0000000000000000        0x2 hwlib.o
 .text._ZN5hwlib20pin_direct_from_oc_t5writeEb
                0x0000000000000000       0x18 hwlib.o
 .text._ZN5hwlib20pin_direct_from_oc_t4readEv
                0x0000000000000000       0x18 hwlib.o
 .text._ZN5hwlib20pin_direct_from_oc_t5flushEv
                0x0000000000000000        0x2 hwlib.o
 .text._ZN5hwlib20pin_direct_from_oc_t7refreshEv
                0x0000000000000000        0x2 hwlib.o
 .text._ZN5hwlib18port_out_from_oc_t14number_of_pinsEv
                0x0000000000000000        0x8 hwlib.o
 .text._ZN5hwlib18port_out_from_oc_t5writeEj
                0x0000000000000000        0x8 hwlib.o
 .text._ZN5hwlib18port_out_from_oc_t5flushEv
                0x0000000000000000        0x8 hwlib.o
 .text._ZN5hwlib19port_out_from_out_t14number_of_pinsEv
                0x0000000000000000        0x8 hwlib.o
 .text._ZN5hwlib19port_out_from_out_t5writeEj
                0x0000000000000000        0x8 hwlib.o
 .text._ZN5hwlib19port_out_from_out_t5flushEv
                0x0000000000000000        0x8 hwlib.o
 .text._ZN5hwlib22port_out_from_in_out_t14number_of_pinsEv
                0x0000000000000000        0x8 hwlib.o
 .text._ZN5hwlib22port_out_from_in_out_t5writeEj
                0x0000000000000000        0x8 hwlib.o
 .text._ZN5hwlib22port_out_from_in_out_t5flushEv
                0x0000000000000000        0x8 hwlib.o
 .text._ZN5hwlib17port_in_from_oc_t14number_of_pinsEv
                0x0000000000000000        0x8 hwlib.o
 .text._ZN5hwlib17port_in_from_oc_t4readEv
                0x0000000000000000        0x8 hwlib.o
 .text._ZN5hwlib17port_in_from_oc_t7refreshEv
                0x0000000000000000        0x8 hwlib.o
 .text._ZN5hwlib17port_in_from_in_t14number_of_pinsEv
                0x0000000000000000        0x8 hwlib.o
 .text._ZN5hwlib17port_in_from_in_t4readEv
                0x0000000000000000        0x8 hwlib.o
 .text._ZN5hwlib17port_in_from_in_t7refreshEv
                0x0000000000000000        0x8 hwlib.o
 .text._ZN5hwlib21port_in_from_in_out_t14number_of_pinsEv
                0x0000000000000000        0x8 hwlib.o
 .text._ZN5hwlib21port_in_from_in_out_t4readEv
                0x0000000000000000        0x8 hwlib.o
 .text._ZN5hwlib21port_in_from_in_out_t7refreshEv
                0x0000000000000000        0x8 hwlib.o
 .text._ZN5hwlib21port_in_out_from_oc_t14number_of_pinsEv
                0x0000000000000000        0x8 hwlib.o
 .text._ZN5hwlib21port_in_out_from_oc_t19direction_set_inputEv
                0x0000000000000000        0xe hwlib.o
 .text._ZN5hwlib21port_in_out_from_oc_t20direction_set_outputEv
                0x0000000000000000        0x6 hwlib.o
 .text._ZN5hwlib21port_in_out_from_oc_t4readEv
                0x0000000000000000        0x8 hwlib.o
 .text._ZN5hwlib21port_in_out_from_oc_t5flushEv
                0x0000000000000000        0x8 hwlib.o
 .text._ZN5hwlib21port_in_out_from_oc_t7refreshEv
                0x0000000000000000        0x8 hwlib.o
 .text._ZN5hwlib21port_in_out_from_oc_t15direction_flushEv
                0x0000000000000000        0x8 hwlib.o
 .text._ZN5hwlib25port_in_out_from_in_out_t14number_of_pinsEv
                0x0000000000000000        0x8 hwlib.o
 .text._ZN5hwlib25port_in_out_from_in_out_t19direction_set_inputEv
                0x0000000000000000        0x8 hwlib.o
 .text._ZN5hwlib25port_in_out_from_in_out_t20direction_set_outputEv
                0x0000000000000000        0x8 hwlib.o
 .text._ZN5hwlib25port_in_out_from_in_out_t4readEv
                0x0000000000000000        0x8 hwlib.o
 .text._ZN5hwlib25port_in_out_from_in_out_t5writeEj
                0x0000000000000000        0x8 hwlib.o
 .text._ZN5hwlib25port_in_out_from_in_out_t5flushEv
                0x0000000000000000        0x8 hwlib.o
 .text._ZN5hwlib25port_in_out_from_in_out_t7refreshEv
                0x0000000000000000        0x8 hwlib.o
 .text._ZN5hwlib25port_in_out_from_in_out_t15direction_flushEv
                0x0000000000000000        0x8 hwlib.o
 .text._ZN5hwlib17port_oc_from_oc_t14number_of_pinsEv
                0x0000000000000000        0x8 hwlib.o
 .text._ZN5hwlib17port_oc_from_oc_t4readEv
                0x0000000000000000        0x8 hwlib.o
 .text._ZN5hwlib17port_oc_from_oc_t5writeEj
                0x0000000000000000        0x8 hwlib.o
 .text._ZN5hwlib17port_oc_from_oc_t5flushEv
                0x0000000000000000        0x8 hwlib.o
 .text._ZN5hwlib17port_oc_from_oc_t7refreshEv
                0x0000000000000000        0x8 hwlib.o
 .text._ZN5hwlib23port_in_out_from_pins_t14number_of_pinsEv
                0x0000000000000000        0x4 hwlib.o
 .text._ZN5hwlib23port_in_out_from_pins_t19direction_set_inputEv
                0x0000000000000000       0x20 hwlib.o
 .text._ZN5hwlib23port_in_out_from_pins_t20direction_set_outputEv
                0x0000000000000000       0x20 hwlib.o
 .text._ZN5hwlib23port_in_out_from_pins_t15direction_flushEv
                0x0000000000000000       0x20 hwlib.o
 .text._ZN5hwlib23port_in_out_from_pins_t4readEv
                0x0000000000000000       0x2a hwlib.o
 .text._ZN5hwlib23port_in_out_from_pins_t7refreshEv
                0x0000000000000000       0x20 hwlib.o
 .text._ZN5hwlib23port_in_out_from_pins_t5writeEj
                0x0000000000000000       0x28 hwlib.o
 .text._ZN5hwlib23port_in_out_from_pins_t5flushEv
                0x0000000000000000       0x20 hwlib.o
 .text._ZN5hwlib19port_in_from_pins_t14number_of_pinsEv
                0x0000000000000000        0x4 hwlib.o
 .text._ZN5hwlib19port_in_from_pins_t4readEv
                0x0000000000000000       0x2a hwlib.o
 .text._ZN5hwlib19port_in_from_pins_t7refreshEv
                0x0000000000000000       0x20 hwlib.o
 .text._ZN5hwlib20port_out_from_pins_t14number_of_pinsEv
                0x0000000000000000        0x4 hwlib.o
 .text._ZN5hwlib20port_out_from_pins_t5writeEj
                0x0000000000000000       0x28 hwlib.o
 .text._ZN5hwlib20port_out_from_pins_t5flushEv
                0x0000000000000000       0x20 hwlib.o
 .text._ZN5hwlib23port_out_from_pins_oc_t14number_of_pinsEv
                0x0000000000000000        0x4 hwlib.o
 .text._ZN5hwlib23port_out_from_pins_oc_t5writeEj
                0x0000000000000000       0x28 hwlib.o
 .text._ZN5hwlib23port_out_from_pins_oc_t5flushEv
                0x0000000000000000       0x20 hwlib.o
 .text._ZN5hwlib19port_oc_from_pins_t14number_of_pinsEv
                0x0000000000000000        0x4 hwlib.o
 .text._ZN5hwlib19port_oc_from_pins_t4readEv
                0x0000000000000000       0x2a hwlib.o
 .text._ZN5hwlib19port_oc_from_pins_t5writeEj
                0x0000000000000000       0x28 hwlib.o
 .text._ZN5hwlib19port_oc_from_pins_t7refreshEv
                0x0000000000000000       0x20 hwlib.o
 .text._ZN5hwlib19port_oc_from_pins_t5flushEv
                0x0000000000000000       0x20 hwlib.o
 .text._ZN5hwlib25port_invert_from_in_out_t19direction_set_inputEv
                0x0000000000000000        0x8 hwlib.o
 .text._ZN5hwlib25port_invert_from_in_out_t20direction_set_outputEv
                0x0000000000000000        0x8 hwlib.o
 .text._ZN5hwlib25port_invert_from_in_out_t14number_of_pinsEv
                0x0000000000000000        0x8 hwlib.o
 .text._ZN5hwlib25port_invert_from_in_out_t4readEv
                0x0000000000000000        0xe hwlib.o
 .text._ZN5hwlib25port_invert_from_in_out_t7refreshEv
                0x0000000000000000        0x8 hwlib.o
 .text._ZN5hwlib25port_invert_from_in_out_t5writeEj
                0x0000000000000000        0xa hwlib.o
 .text._ZN5hwlib25port_invert_from_in_out_t5flushEv
                0x0000000000000000        0x8 hwlib.o
 .text._ZN5hwlib25port_invert_from_in_out_t15direction_flushEv
                0x0000000000000000        0x8 hwlib.o
 .text._ZN5hwlib21port_invert_from_in_t14number_of_pinsEv
                0x0000000000000000        0x8 hwlib.o
 .text._ZN5hwlib21port_invert_from_in_t4readEv
                0x0000000000000000        0xe hwlib.o
 .text._ZN5hwlib21port_invert_from_in_t7refreshEv
                0x0000000000000000        0x8 hwlib.o
 .text._ZN5hwlib22port_invert_from_out_t14number_of_pinsEv
                0x0000000000000000        0x8 hwlib.o
 .text._ZN5hwlib22port_invert_from_out_t5writeEj
                0x0000000000000000        0xa hwlib.o
 .text._ZN5hwlib22port_invert_from_out_t5flushEv
                0x0000000000000000        0x8 hwlib.o
 .text._ZN5hwlib21port_invert_from_oc_t14number_of_pinsEv
                0x0000000000000000        0x8 hwlib.o
 .text._ZN5hwlib21port_invert_from_oc_t4readEv
                0x0000000000000000        0xe hwlib.o
 .text._ZN5hwlib21port_invert_from_oc_t7refreshEv
                0x0000000000000000        0x8 hwlib.o
 .text._ZN5hwlib21port_invert_from_oc_t5writeEj
                0x0000000000000000        0xa hwlib.o
 .text._ZN5hwlib21port_invert_from_oc_t5flushEv
                0x0000000000000000        0x8 hwlib.o
 .text._ZN5hwlib19all_from_port_out_t5writeEb
                0x0000000000000000       0x12 hwlib.o
 .text._ZN5hwlib19all_from_port_out_t5flushEv
                0x0000000000000000        0x8 hwlib.o
 .text._ZN5hwlib25port_direct_from_in_out_t14number_of_pinsEv
                0x0000000000000000        0x8 hwlib.o
 .text._ZN5hwlib25port_direct_from_in_out_t5writeEj
                0x0000000000000000       0x18 hwlib.o
 .text._ZN5hwlib25port_direct_from_in_out_t4readEv
                0x0000000000000000       0x18 hwlib.o
 .text._ZN5hwlib25port_direct_from_in_out_t19direction_set_inputEv
                0x0000000000000000       0x18 hwlib.o
 .text._ZN5hwlib25port_direct_from_in_out_t20direction_set_outputEv
                0x0000000000000000       0x18 hwlib.o
 .text._ZN5hwlib25port_direct_from_in_out_t5flushEv
                0x0000000000000000        0x2 hwlib.o
 .text._ZN5hwlib25port_direct_from_in_out_t7refreshEv
                0x0000000000000000        0x2 hwlib.o
 .text._ZN5hwlib25port_direct_from_in_out_t15direction_flushEv
                0x0000000000000000        0x2 hwlib.o
 .text._ZN5hwlib21port_direct_from_in_t14number_of_pinsEv
                0x0000000000000000        0x8 hwlib.o
 .text._ZN5hwlib21port_direct_from_in_t4readEv
                0x0000000000000000       0x18 hwlib.o
 .text._ZN5hwlib21port_direct_from_in_t7refreshEv
                0x0000000000000000        0x2 hwlib.o
 .text._ZN5hwlib22port_direct_from_out_t14number_of_pinsEv
                0x0000000000000000        0x8 hwlib.o
 .text._ZN5hwlib22port_direct_from_out_t5writeEj
                0x0000000000000000       0x18 hwlib.o
 .text._ZN5hwlib22port_direct_from_out_t5flushEv
                0x0000000000000000        0x2 hwlib.o
 .text._ZN5hwlib21port_direct_from_oc_t14number_of_pinsEv
                0x0000000000000000        0x8 hwlib.o
 .text._ZN5hwlib21port_direct_from_oc_t5writeEj
                0x0000000000000000       0x18 hwlib.o
 .text._ZN5hwlib21port_direct_from_oc_t4readEv
                0x0000000000000000       0x18 hwlib.o
 .text._ZN5hwlib21port_direct_from_oc_t5flushEv
                0x0000000000000000        0x2 hwlib.o
 .text._ZN5hwlib21port_direct_from_oc_t7refreshEv
                0x0000000000000000        0x2 hwlib.o
 .text._ZN5hwlib7istream11getc_nowaitEv
                0x0000000000000000       0x1a hwlib.o
 .text._ZNK5hwlib14image_invert_t18get_implementationENS_2xyE
                0x0000000000000000       0x8a hwlib.o
 .text._ZNK5hwlib9image_8x818get_implementationENS_2xyE
                0x0000000000000000       0x44 hwlib.o
 .text._ZN5hwlib20pin_in_out_from_oc_t5writeEb
                0x0000000000000000        0xe hwlib.o
 .text._ZN5hwlib20pin_oc_from_in_out_t5writeEb
                0x0000000000000000       0x26 hwlib.o
 .text._ZN5hwlib21port_in_out_from_oc_t5writeEj
                0x0000000000000000        0xe hwlib.o
 .text._ZN5hwlib21pin_out_from_in_out_tC2ERNS_10pin_in_outE
                0x0000000000000000       0x24 hwlib.o
 .text._ZN5hwlib12pin_out_fromERNS_6pin_ocE
                0x0000000000000000        0xc hwlib.o
 .text._ZN5hwlib12pin_out_fromERNS_7pin_outE
                0x0000000000000000        0xc hwlib.o
 .text._ZN5hwlib12pin_out_fromERNS_10pin_in_outE
                0x0000000000000000        0xc hwlib.o
 .text._ZN5hwlib11pin_in_fromERNS_6pin_inE
                0x0000000000000000        0xc hwlib.o
 .text._ZN5hwlib11pin_in_fromERNS_10pin_in_outE
                0x0000000000000000       0x24 hwlib.o
 .text._ZN5hwlib11pin_in_fromERNS_6pin_ocE
                0x0000000000000000       0x28 hwlib.o
 .text._ZN5hwlib15pin_in_out_fromERNS_6pin_ocE
                0x0000000000000000        0xc hwlib.o
 .text._ZN5hwlib15pin_in_out_fromERNS_10pin_in_outE
                0x0000000000000000        0xc hwlib.o
 .text._ZN5hwlib11pin_oc_fromERNS_6pin_ocE
                0x0000000000000000        0xc hwlib.o
 .text._ZN5hwlib11pin_oc_fromERNS_10pin_in_outE
                0x0000000000000000        0xc hwlib.o
 .text._ZN5hwlib6invertERNS_7pin_outE
                0x0000000000000000        0xc hwlib.o
 .text._ZN5hwlib6invertERNS_6pin_inE
                0x0000000000000000        0xc hwlib.o
 .text._ZN5hwlib6invertERNS_10pin_in_outE
                0x0000000000000000        0xc hwlib.o
 .text._ZN5hwlib6invertERNS_6pin_ocE
                0x0000000000000000        0xc hwlib.o
 .text._ZN5hwlib3allERNS_7pin_outES1_S1_S1_S1_S1_S1_S1_S1_S1_S1_S1_S1_S1_S1_S1_
                0x0000000000000000       0x48 hwlib.o
 .text._ZN5hwlib6directERNS_7pin_outE
                0x0000000000000000        0xc hwlib.o
 .text._ZN5hwlib6directERNS_6pin_inE
                0x0000000000000000        0xc hwlib.o
 .text._ZN5hwlib6directERNS_10pin_in_outE
                0x0000000000000000        0xc hwlib.o
 .text._ZN5hwlib6directERNS_6pin_ocE
                0x0000000000000000        0xc hwlib.o
 .text._ZN5hwlib22port_out_from_in_out_tC2ERNS_11port_in_outE
                0x0000000000000000       0x24 hwlib.o
 .text._ZN5hwlib13port_out_fromERNS_7port_ocE
                0x0000000000000000        0xc hwlib.o
 .text._ZN5hwlib13port_out_fromERNS_8port_outE
                0x0000000000000000        0xc hwlib.o
 .text._ZN5hwlib13port_out_fromERNS_11port_in_outE
                0x0000000000000000        0xc hwlib.o
 .text._ZN5hwlib12port_in_fromERNS_7port_inE
                0x0000000000000000        0xc hwlib.o
 .text._ZN5hwlib12port_in_fromERNS_11port_in_outE
                0x0000000000000000       0x24 hwlib.o
 .text._ZN5hwlib12port_in_fromERNS_7port_ocE
                0x0000000000000000       0x28 hwlib.o
 .text._ZN5hwlib16port_in_out_fromERNS_7port_ocE
                0x0000000000000000        0xc hwlib.o
 .text._ZN5hwlib16port_in_out_fromERNS_11port_in_outE
                0x0000000000000000        0xc hwlib.o
 .text._ZN5hwlib12port_oc_fromERNS_7port_ocE
                0x0000000000000000        0xc hwlib.o
 .text._ZN5hwlib16port_in_out_fromERNS_10pin_in_outES1_S1_S1_S1_S1_S1_S1_S1_S1_S1_S1_S1_S1_S1_S1_
                0x0000000000000000       0x68 hwlib.o
 .text._ZN5hwlib13port_out_fromERNS_6pin_ocES1_S1_S1_S1_S1_S1_S1_S1_S1_S1_S1_S1_S1_S1_S1_
                0x0000000000000000       0x68 hwlib.o
 .text._ZN5hwlib13port_out_fromERNS_7pin_outES1_S1_S1_S1_S1_S1_S1_S1_S1_S1_S1_S1_S1_S1_S1_
                0x0000000000000000       0x68 hwlib.o
 .text._ZN5hwlib12port_in_fromERNS_6pin_inES1_S1_S1_S1_S1_S1_S1_S1_S1_S1_S1_S1_S1_S1_S1_
                0x0000000000000000       0x68 hwlib.o
 .text._ZN5hwlib12port_oc_fromERNS_6pin_ocES1_S1_S1_S1_S1_S1_S1_S1_S1_S1_S1_S1_S1_S1_S1_
                0x0000000000000000       0x68 hwlib.o
 .text._ZN5hwlib6invertERNS_8port_outE
                0x0000000000000000        0xc hwlib.o
 .text._ZN5hwlib6invertERNS_7port_inE
                0x0000000000000000        0xc hwlib.o
 .text._ZN5hwlib6invertERNS_11port_in_outE
                0x0000000000000000        0xc hwlib.o
 .text._ZN5hwlib6invertERNS_7port_ocE
                0x0000000000000000        0xc hwlib.o
 .text._ZN5hwlib3allERNS_8port_outE
                0x0000000000000000        0xc hwlib.o
 .text._ZN5hwlib6directERNS_8port_outE
                0x0000000000000000        0xc hwlib.o
 .text._ZN5hwlib6directERNS_7port_inE
                0x0000000000000000        0xc hwlib.o
 .text._ZN5hwlib6directERNS_11port_in_outE
                0x0000000000000000        0xc hwlib.o
 .text._ZN5hwlib6directERNS_7port_ocE
                0x0000000000000000        0xc hwlib.o
 .text._ZN5hwlib7ostreamlsEc
                0x0000000000000000        0xe hwlib.o
 .text._ZN5hwliblsERNS_7ostreamEPKc
                0x0000000000000000       0x66 hwlib.o
 .text._ZN5hwliblsERNS_7ostreamEi
                0x0000000000000000       0xce hwlib.o
 .text._ZN5hwliblsERNS_7ostreamENS_2xyE
                0x0000000000000000       0x38 hwlib.o
 .text._ZN5hwlib3allENS_2xyE
                0x0000000000000000       0x16 hwlib.o
 .text._ZN5hwlib6strlenEPKc
                0x0000000000000000       0x10 hwlib.o
 .text._ZN5hwlib8test_endEv
                0x0000000000000000       0x58 hwlib.o
 .text._ZN5hwliblsERNS_7ostreamERKNS_5colorE
                0x0000000000000000       0x54 hwlib.o
 .text._ZN5hwlib6invertERKNS_5imageE
                0x0000000000000000       0x18 hwlib.o
 .text._ZN5hwlib6window5writeENS_2xyENS_5colorE
                0x0000000000000000       0x3e hwlib.o
 .text._ZN5hwlib6circle4drawERNS_6windowE
                0x0000000000000000      0x18a hwlib.o
 .text._ZN5hwlib4line4drawERNS_6windowE
                0x0000000000000000       0xb4 hwlib.o
 .text._ZN5hwlib4randEv
                0x0000000000000000       0x20 hwlib.o
 .text._ZN5hwlib15random_in_rangeEjj
                0x0000000000000000       0x1a hwlib.o
 .text._ZN6sam3xa10SystemInitEv
                0x0000000000000000       0x7c hwlib.o
 .text._ZN3due8pin_infoENS_4pinsE
                0x0000000000000000       0x20 hwlib.o
 .text._ZN3due11ad_pin_infoENS_7ad_pinsE
                0x0000000000000000       0x1c hwlib.o
 .text._ZN3due11ad_seq_infoEm
                0x0000000000000000       0x20 hwlib.o
 .text._ZN3due14port_registersEm
                0x0000000000000000       0x54 hwlib.o
 .text._ZN3due12ticks_per_usEv
                0x0000000000000000        0x6 hwlib.o
 .text._ZN3due9now_ticksEv
                0x0000000000000000       0x80 hwlib.o
 .text._ZN3due19uart_char_availableEv
                0x0000000000000000       0x18 hwlib.o
 .text._ZN3due9uart_getcEv
                0x0000000000000000       0x18 hwlib.o
 .text._ZN5hwlib9uart_putcEc
                0x0000000000000000        0x4 hwlib.o
 .text._ZN5hwlib19uart_char_availableEv
                0x0000000000000000        0x4 hwlib.o
 .text._ZN5hwlib19cin_using_uart_getc14char_availableEv
                0x0000000000000000        0x8 hwlib.o
 .text._ZN5hwlib9uart_getcEv
                0x0000000000000000        0x4 hwlib.o
 .text._ZN5hwlib19cin_using_uart_getc4getcEv
                0x0000000000000000        0x8 hwlib.o
 .text._ZN5hwlib9now_ticksEv
                0x0000000000000000        0x8 hwlib.o
 .text._ZN5hwlib12ticks_per_usEv
                0x0000000000000000        0x8 hwlib.o
 .text._ZN5hwlib12wait_ns_busyEi
                0x0000000000000000       0x14 hwlib.o
 .text._ZN5hwlib7wait_nsEi
                0x0000000000000000        0x8 hwlib.o
 .text._ZN5hwlib24uart_getc_bit_banged_pinERNS_6pin_inE
                0x0000000000000000       0x72 hwlib.o
 .text._ZN5hwlib5blinkERNS_7pin_outEj
                0x0000000000000000       0x38 hwlib.o
 .text._ZN5hwlib5blinkERNS_10pin_in_outEj
                0x0000000000000000       0x14 hwlib.o
 .text._ZN5hwlib5blinkERNS_6pin_ocEj
                0x0000000000000000       0x14 hwlib.o
 .text._ZN5hwlib5blinkERNS_7pin_outEjj
                0x0000000000000000       0x42 hwlib.o
 .text._ZN5hwlib5blinkERNS_6pin_ocEjj
                0x0000000000000000       0x18 hwlib.o
 .text._ZN5hwlib5blinkERNS_10pin_in_outEjj
                0x0000000000000000       0x1c hwlib.o
 .text._ZN5hwlib4kittERNS_8port_outEj
                0x0000000000000000       0x50 hwlib.o
 .text._ZN5hwlib4kittERNS_11port_in_outEj
                0x0000000000000000       0x14 hwlib.o
 .text._ZN5hwlib4kittERNS_7port_ocEj
                0x0000000000000000       0x14 hwlib.o
 .text._ZN5hwlib5snakeERNS_8port_outEj
                0x0000000000000000       0x30 hwlib.o
 .text._ZN5hwlib5snakeERNS_11port_in_outEj
                0x0000000000000000       0x14 hwlib.o
 .text._ZN5hwlib5snakeERNS_7port_ocEj
                0x0000000000000000       0x14 hwlib.o
 .text._ZN5hwlib14scrolling_textERNS_8terminalEPKcjjj
                0x0000000000000000       0x64 hwlib.o
 .text._ZN5hwlib12dac_triangleERNS_3dacEj
                0x0000000000000000       0x36 hwlib.o
 .text._ZN5hwlib21graphics_random_linesERNS_6windowEj
                0x0000000000000000      0x104 hwlib.o
 .text._ZN5hwlib23graphics_random_circlesERNS_6windowEj
                0x0000000000000000       0x8c hwlib.o
 .text._ZN5hwlib24uart_putc_bit_banged_pinEcRNS_7pin_outE
                0x0000000000000000       0x5c hwlib.o
 .rodata._ZTVN5hwlib18pin_in_out_dummy_tE
                0x0000000000000000       0x24 hwlib.o
 .rodata._ZTVN5hwlib14pin_in_dummy_tE
                0x0000000000000000       0x10 hwlib.o
 .rodata._ZTVN5hwlib15pin_out_dummy_tE
                0x0000000000000000       0x10 hwlib.o
 .rodata._ZTVN5hwlib14pin_oc_dummy_tE
                0x0000000000000000       0x18 hwlib.o
 .rodata._ZTVN5hwlib17pin_out_from_oc_tE
                0x0000000000000000       0x10 hwlib.o
 .rodata._ZTVN5hwlib18pin_out_from_out_tE
                0x0000000000000000       0x10 hwlib.o
 .rodata._ZTVN5hwlib21pin_out_from_in_out_tE
                0x0000000000000000       0x10 hwlib.o
 .rodata._ZTVN5hwlib16pin_in_from_oc_tE
                0x0000000000000000       0x10 hwlib.o
 .rodata._ZTVN5hwlib16pin_in_from_in_tE
                0x0000000000000000       0x10 hwlib.o
 .rodata._ZTVN5hwlib20pin_in_from_in_out_tE
                0x0000000000000000       0x10 hwlib.o
 .rodata._ZTVN5hwlib20pin_in_out_from_oc_tE
                0x0000000000000000       0x24 hwlib.o
 .rodata._ZTVN5hwlib24pin_in_out_from_in_out_tE
                0x0000000000000000       0x24 hwlib.o
 .rodata._ZTVN5hwlib16pin_oc_from_oc_tE
                0x0000000000000000       0x18 hwlib.o
 .rodata._ZTVN5hwlib20pin_oc_from_in_out_tE
                0x0000000000000000       0x18 hwlib.o
 .rodata._ZTVN5hwlib21pin_invert_from_out_tE
                0x0000000000000000       0x10 hwlib.o
 .rodata._ZTVN5hwlib20pin_invert_from_in_tE
                0x0000000000000000       0x10 hwlib.o
 .rodata._ZTVN5hwlib24pin_invert_from_in_out_tE
                0x0000000000000000       0x24 hwlib.o
 .rodata._ZTVN5hwlib20pin_invert_from_oc_tE
                0x0000000000000000       0x18 hwlib.o
 .rodata._ZTVN5hwlib18all_from_pin_out_tE
                0x0000000000000000       0x10 hwlib.o
 .rodata._ZTVN5hwlib24pin_direct_from_in_out_tE
                0x0000000000000000       0x24 hwlib.o
 .rodata._ZTVN5hwlib20pin_direct_from_in_tE
                0x0000000000000000       0x10 hwlib.o
 .rodata._ZTVN5hwlib21pin_direct_from_out_tE
                0x0000000000000000       0x10 hwlib.o
 .rodata._ZTVN5hwlib20pin_direct_from_oc_tE
                0x0000000000000000       0x18 hwlib.o
 .rodata._ZTVN5hwlib18port_out_from_oc_tE
                0x0000000000000000       0x14 hwlib.o
 .rodata._ZTVN5hwlib19port_out_from_out_tE
                0x0000000000000000       0x14 hwlib.o
 .rodata._ZTVN5hwlib22port_out_from_in_out_tE
                0x0000000000000000       0x14 hwlib.o
 .rodata._ZTVN5hwlib17port_in_from_oc_tE
                0x0000000000000000       0x14 hwlib.o
 .rodata._ZTVN5hwlib17port_in_from_in_tE
                0x0000000000000000       0x14 hwlib.o
 .rodata._ZTVN5hwlib21port_in_from_in_out_tE
                0x0000000000000000       0x14 hwlib.o
 .rodata._ZTVN5hwlib21port_in_out_from_oc_tE
                0x0000000000000000       0x28 hwlib.o
 .rodata._ZTVN5hwlib25port_in_out_from_in_out_tE
                0x0000000000000000       0x28 hwlib.o
 .rodata._ZTVN5hwlib17port_oc_from_oc_tE
                0x0000000000000000       0x1c hwlib.o
 .rodata._ZTVN5hwlib23port_in_out_from_pins_tE
                0x0000000000000000       0x28 hwlib.o
 .rodata._ZTVN5hwlib19port_in_from_pins_tE
                0x0000000000000000       0x14 hwlib.o
 .rodata._ZTVN5hwlib20port_out_from_pins_tE
                0x0000000000000000       0x14 hwlib.o
 .rodata._ZTVN5hwlib23port_out_from_pins_oc_tE
                0x0000000000000000       0x14 hwlib.o
 .rodata._ZTVN5hwlib19port_oc_from_pins_tE
                0x0000000000000000       0x1c hwlib.o
 .rodata._ZTVN5hwlib25port_invert_from_in_out_tE
                0x0000000000000000       0x28 hwlib.o
 .rodata._ZTVN5hwlib21port_invert_from_in_tE
                0x0000000000000000       0x14 hwlib.o
 .rodata._ZTVN5hwlib22port_invert_from_out_tE
                0x0000000000000000       0x14 hwlib.o
 .rodata._ZTVN5hwlib21port_invert_from_oc_tE
                0x0000000000000000       0x1c hwlib.o
 .rodata._ZTVN5hwlib19all_from_port_out_tE
                0x0000000000000000       0x10 hwlib.o
 .rodata._ZTVN5hwlib25port_direct_from_in_out_tE
                0x0000000000000000       0x28 hwlib.o
 .rodata._ZTVN5hwlib21port_direct_from_in_tE
                0x0000000000000000       0x14 hwlib.o
 .rodata._ZTVN5hwlib22port_direct_from_out_tE
                0x0000000000000000       0x14 hwlib.o
 .rodata._ZTVN5hwlib21port_direct_from_oc_tE
                0x0000000000000000       0x1c hwlib.o
 .rodata._ZTVN5hwlib19cin_using_uart_getcE
                0x0000000000000000       0x14 hwlib.o
 .rodata._ZTVN5hwlib14image_invert_tE
                0x0000000000000000        0xc hwlib.o
 .rodata._ZTVN5hwlib9image_8x8E
                0x0000000000000000        0xc hwlib.o
 .rodata._ZTVN5hwlib4lineE
                0x0000000000000000        0xc hwlib.o
 .rodata._ZTVN5hwlib6circleE
                0x0000000000000000        0xc hwlib.o
 .bss._ZN5hwlib11string_base5dummyE
                0x0000000000000000        0x1 hwlib.o
 .bss._ZN5hwlib18_equal_calls_countE
                0x0000000000000000        0x4 hwlib.o
 .bss._ZN5hwlib21_equal_failures_countE
                0x0000000000000000        0x4 hwlib.o
 .bss._ZZN3due9now_ticksEvE4high
                0x0000000000000000        0x8 hwlib.o
 .bss._ZZN3due9now_ticksEvE8last_low
                0x0000000000000000        0x4 hwlib.o
 .bss._ZZN3due9now_ticksEvE9init_done
                0x0000000000000000        0x1 hwlib.o
 .bss._ZZN5hwlib4randEvE1n
                0x0000000000000000        0x4 hwlib.o
 .data._ZN5hwlib12pin_in_dummyE
                0x0000000000000000        0x4 hwlib.o
 .data._ZN5hwlib12pin_oc_dummyE
                0x0000000000000000        0x4 hwlib.o
 .data._ZN5hwlib13pin_out_dummyE
                0x0000000000000000        0x4 hwlib.o
 .data._ZN5hwlib16pin_in_out_dummyE
                0x0000000000000000        0x4 hwlib.o
 .data._ZN5hwlib3cinE
                0x0000000000000000        0x4 hwlib.o
 .data._ZN6sam3xa15SystemCoreClockE
                0x0000000000000000        0x4 hwlib.o
 .rodata._ZN3due8pin_infoENS_4pinsE.str1.1
                0x0000000000000000       0x37 hwlib.o
 .rodata._ZN5hwlib15font_16x16_dataE
                0x0000000000000000      0xbe4 hwlib.o
 .rodata._ZN5hwlib16font_default_8x86imagesE
                0x0000000000000000      0xa00 hwlib.o
 .rodata._ZN5hwlib8test_endEv.str1.1
                0x0000000000000000       0x54 hwlib.o
 .rodata._ZN5hwlibL5blackE
                0x0000000000000000        0x4 hwlib.o
 .rodata._ZN5hwlibL5whiteE
                0x0000000000000000        0x4 hwlib.o
 .rodata._ZN5hwliblsERNS_7ostreamENS_2xyE.str1.1
                0x0000000000000000        0x6 hwlib.o
 .rodata._ZN5hwliblsERNS_7ostreamERKNS_5colorE.str1.1
                0x0000000000000000       0x10 hwlib.o
 .rodata._ZZN3due11ad_pin_infoENS_7ad_pinsEE17ad_pin_info_array
                0x0000000000000000        0xc hwlib.o
 .rodata._ZZN3due11ad_seq_infoEmE12ad_seq_array
                0x0000000000000000       0x70 hwlib.o
 .rodata._ZZN3due8pin_infoENS_4pinsEE14pin_info_array
                0x0000000000000000       0xa4 hwlib.o
 .group         0x0000000000000000        0x8 main.o
 .group         0x0000000000000000        0x8 main.o
 .group         0x0000000000000000        0x8 main.o
 .group         0x0000000000000000        0x8 main.o
 .group         0x0000000000000000        0x8 main.o
 .group         0x0000000000000000        0x8 main.o
 .group         0x0000000000000000        0x8 main.o
 .group         0x0000000000000000        0x8 main.o
 .group         0x0000000000000000        0x8 main.o
 .group         0x0000000000000000        0x8 main.o
 .group         0x0000000000000000        0x8 main.o
 .group         0x0000000000000000        0xc main.o
 .group         0x0000000000000000        0xc main.o
 .group         0x0000000000000000        0xc main.o
 .group         0x0000000000000000        0xc main.o
 .group         0x0000000000000000        0xc main.o
 .group         0x0000000000000000        0xc main.o
 .group         0x0000000000000000        0xc main.o
 .group         0x0000000000000000        0xc main.o
 .text          0x0000000000000000        0x0 main.o
 .data          0x0000000000000000        0x0 main.o
 .bss           0x0000000000000000        0x0 main.o
 .text._ZN6sam3xa10SystemInitEv
                0x0000000000000000       0x7c main.o
 .text._ZN3due8pin_infoENS_4pinsE
                0x0000000000000000       0x20 main.o
 .text._ZN3due11ad_pin_infoENS_7ad_pinsE
                0x0000000000000000       0x1c main.o
 .text._ZN3due11ad_seq_infoEm
                0x0000000000000000       0x20 main.o
 .text._ZN3due14port_registersEm
                0x0000000000000000       0x54 main.o
 .text._ZN3due12ticks_per_usEv
                0x0000000000000000        0x6 main.o
 .text._ZN3due9now_ticksEv
                0x0000000000000000       0x80 main.o
 .text._ZN5hwlib9uart_putcEc
                0x0000000000000000        0x4 main.o
 .text._ZN5hwlib19uart_char_availableEv
                0x0000000000000000        0x4 main.o
 .text._ZN5hwlib9uart_getcEv
                0x0000000000000000        0x4 main.o
 .bss._ZZN3due9now_ticksEvE4high
                0x0000000000000000        0x8 main.o
 .bss._ZZN3due9now_ticksEvE8last_low
                0x0000000000000000        0x4 main.o
 .bss._ZZN3due9now_ticksEvE9init_done
                0x0000000000000000        0x1 main.o
 .data._ZN6sam3xa15SystemCoreClockE
                0x0000000000000000        0x4 main.o
 .rodata._ZN3due8pin_infoENS_4pinsE.str1.1
                0x0000000000000000       0x37 main.o
 .rodata._ZZN3due11ad_pin_infoENS_7ad_pinsEE17ad_pin_info_array
                0x0000000000000000        0xc main.o
 .rodata._ZZN3due11ad_seq_infoEmE12ad_seq_array
                0x0000000000000000       0x70 main.o
 .rodata._ZZN3due8pin_infoENS_4pinsEE14pin_info_array
                0x0000000000000000       0xa4 main.o
 .text          0x0000000000000000        0x0 bmptk_cortex.o
 .data          0x0000000000000000        0x0 bmptk_cortex.o
 .bss           0x0000000000000000        0x0 bmptk_cortex.o
 .text.__aeabi_idiv0
                0x0000000000000000        0x4 bmptk_cortex.o
 .text.__cxa_pure_virtual
                0x0000000000000000        0x2 bmptk_cortex.o
 COMMON         0x0000000000000000        0x4 bmptk_cortex.o
 .text          0x0000000000000000        0x0 bmptk_heap_none.o
 .data          0x0000000000000000        0x0 bmptk_heap_none.o
 .bss           0x0000000000000000        0x0 bmptk_heap_none.o
 .text.malloc   0x0000000000000000        0xa bmptk_heap_none.o
 .text.free     0x0000000000000000        0x4 bmptk_heap_none.o
 .comment       0x0000000000000000       0x80 bmptk_heap_none.o
 .text          0x0000000000000000        0x0 bmptk_fixed_size_stack.o
 .data          0x0000000000000000        0x0 bmptk_fixed_size_stack.o
 .bss           0x0000000000000000        0x0 bmptk_fixed_size_stack.o
 .data          0x0000000000000000        0x0 /usr/bin/../lib/gcc/arm-none-eabi/7.3.1/thumb/v7-m/libgcc.a(_arm_addsubdf3.o)
 .bss           0x0000000000000000        0x0 /usr/bin/../lib/gcc/arm-none-eabi/7.3.1/thumb/v7-m/libgcc.a(_arm_addsubdf3.o)
 .data          0x0000000000000000        0x0 /usr/bin/../lib/gcc/arm-none-eabi/7.3.1/thumb/v7-m/libgcc.a(_arm_muldivdf3.o)
 .bss           0x0000000000000000        0x0 /usr/bin/../lib/gcc/arm-none-eabi/7.3.1/thumb/v7-m/libgcc.a(_arm_muldivdf3.o)
 .data          0x0000000000000000        0x0 /usr/bin/../lib/gcc/arm-none-eabi/7.3.1/thumb/v7-m/libgcc.a(_arm_truncdfsf2.o)
 .bss           0x0000000000000000        0x0 /usr/bin/../lib/gcc/arm-none-eabi/7.3.1/thumb/v7-m/libgcc.a(_arm_truncdfsf2.o)
 .data          0x0000000000000000        0x0 /usr/bin/../lib/gcc/arm-none-eabi/7.3.1/thumb/v7-m/libgcc.a(_arm_addsubsf3.o)
 .bss           0x0000000000000000        0x0 /usr/bin/../lib/gcc/arm-none-eabi/7.3.1/thumb/v7-m/libgcc.a(_arm_addsubsf3.o)
 .data          0x0000000000000000        0x0 /usr/bin/../lib/gcc/arm-none-eabi/7.3.1/thumb/v7-m/libgcc.a(_arm_muldivsf3.o)
 .bss           0x0000000000000000        0x0 /usr/bin/../lib/gcc/arm-none-eabi/7.3.1/thumb/v7-m/libgcc.a(_arm_muldivsf3.o)
 .data          0x0000000000000000        0x0 /usr/bin/../lib/gcc/arm-none-eabi/7.3.1/thumb/v7-m/libgcc.a(_arm_cmpsf2.o)
 .bss           0x0000000000000000        0x0 /usr/bin/../lib/gcc/arm-none-eabi/7.3.1/thumb/v7-m/libgcc.a(_arm_cmpsf2.o)
 .data          0x0000000000000000        0x0 /usr/bin/../lib/gcc/arm-none-eabi/7.3.1/thumb/v7-m/libgcc.a(_arm_fixsfsi.o)
 .bss           0x0000000000000000        0x0 /usr/bin/../lib/gcc/arm-none-eabi/7.3.1/thumb/v7-m/libgcc.a(_arm_fixsfsi.o)
 .data          0x0000000000000000        0x0 /usr/bin/../lib/gcc/arm-none-eabi/7.3.1/thumb/v7-m/libgcc.a(_aeabi_uldivmod.o)
 .bss           0x0000000000000000        0x0 /usr/bin/../lib/gcc/arm-none-eabi/7.3.1/thumb/v7-m/libgcc.a(_aeabi_uldivmod.o)
 .data          0x0000000000000000        0x0 /usr/bin/../lib/gcc/arm-none-eabi/7.3.1/thumb/v7-m/libgcc.a(_udivmoddi4.o)
 .bss           0x0000000000000000        0x0 /usr/bin/../lib/gcc/arm-none-eabi/7.3.1/thumb/v7-m/libgcc.a(_udivmoddi4.o)
 .ARM.extab     0x0000000000000000        0x0 /usr/bin/../lib/gcc/arm-none-eabi/7.3.1/thumb/v7-m/libgcc.a(_udivmoddi4.o)
 .data          0x0000000000000000        0x0 /usr/bin/../lib/gcc/arm-none-eabi/7.3.1/thumb/v7-m/libgcc.a(_dvmd_tls.o)
 .bss           0x0000000000000000        0x0 /usr/bin/../lib/gcc/arm-none-eabi/7.3.1/thumb/v7-m/libgcc.a(_dvmd_tls.o)

Memory Configuration

Name             Origin             Length             Attributes
rom              0x0000000000000000 0x0000000000080000 xr
ram              0x0000000020000000 0x0000000000018000 xrw
nul              0x0000000020018000 0x0000000000000000 xrw
*default*        0x0000000000000000 0xffffffffffffffff

Linker script and memory map

LOAD /usr/bin/../lib/gcc/arm-none-eabi/7.3.1/thumb/v7-m/libgcc.a
LOAD mpu6050.o
LOAD hwlib.o
LOAD main.o
LOAD bmptk_cortex.o
LOAD bmptk_heap_none.o
LOAD bmptk_fixed_size_stack.o
LOAD /usr/bin/../lib/gcc/arm-none-eabi/7.3.1/../../../../arm-none-eabi/lib/thumb/v7-m/libm.a
LOAD /usr/bin/../lib/gcc/arm-none-eabi/7.3.1/thumb/v7-m/libgcc.a
LOAD /usr/bin/../lib/gcc/arm-none-eabi/7.3.1/../../../../arm-none-eabi/lib/thumb/v7-m/libc.a
                0x0000000000000000                __rom_start = ORIGIN (rom)
                0x0000000000080000                __rom_size = LENGTH (rom)
                0x0000000000080000                __rom_end = (__rom_start + __rom_size)
                0x0000000020000000                __ram_start = ORIGIN (ram)
                0x0000000000018000                __ram_size = LENGTH (ram)
                0x0000000020018000                __ram_end = (__ram_start + __ram_size)
                [!provide]                        PROVIDE (__rom_start = __rom_start)
                [!provide]                        PROVIDE (__rom_size = __rom_size)
                [!provide]                        PROVIDE (__rom_end = __rom_end)
                [!provide]                        PROVIDE (__ram_start = __ram_start)
                [!provide]                        PROVIDE (__ram_size = __ram_size)
                [!provide]                        PROVIDE (__ram_end = __ram_end)

.text           0x0000000000000000     0x1dd8
                0x0000000000000000                . = ALIGN (0x4)
                0x0000000000000000                __text_start = .
                [!provide]                        PROVIDE (__text_start = __text_start)
                0x0000000000000000                . = ALIGN (0x4)
 *(.vectors)
 .vectors       0x0000000000000000       0x20 bmptk_cortex.o
                0x0000000000000000                __vectors
                0x0000000000000020                . = ALIGN (0x4)
 *(.text .text.* .gnu.linkonce.t.*)
 .text._ZN5hwlib7ostreamlsEc
                0x0000000000000020        0xe mpu6050.o
                0x0000000000000020                hwlib::ostream::operator<<(char)
 .text._ZN5hwliblsERNS_7ostreamEPKc
                0x000000000000002e       0x66 mpu6050.o
                0x000000000000002e                hwlib::operator<<(hwlib::ostream&, char const*)
 .text._ZN5hwliblsERNS_7ostreamEi
                0x0000000000000094       0xce mpu6050.o
                0x0000000000000094                hwlib::operator<<(hwlib::ostream&, int)
 .text._ZN5hwlib21i2c_write_transactionC2ERNS_14i2c_primitivesEj
                0x0000000000000162       0x24 mpu6050.o
                0x0000000000000162                hwlib::i2c_write_transaction::i2c_write_transaction(hwlib::i2c_primitives&, unsigned int)
                0x0000000000000162                hwlib::i2c_write_transaction::i2c_write_transaction(hwlib::i2c_primitives&, unsigned int)
 .text._ZN5hwlib21i2c_write_transaction5writeEPKhj
                0x0000000000000186        0x8 mpu6050.o
                0x0000000000000186                hwlib::i2c_write_transaction::write(unsigned char const*, unsigned int)
 .text._ZN5hwlib21i2c_write_transactionD2Ev
                0x000000000000018e       0x18 mpu6050.o
                0x000000000000018e                hwlib::i2c_write_transaction::~i2c_write_transaction()
                0x000000000000018e                hwlib::i2c_write_transaction::~i2c_write_transaction()
 .text._ZN5hwlib20i2c_read_transactionC2ERNS_14i2c_primitivesEj
                0x00000000000001a6       0x32 mpu6050.o
                0x00000000000001a6                hwlib::i2c_read_transaction::i2c_read_transaction(hwlib::i2c_primitives&, unsigned int)
                0x00000000000001a6                hwlib::i2c_read_transaction::i2c_read_transaction(hwlib::i2c_primitives&, unsigned int)
 .text._ZN5hwlib20i2c_read_transaction9read_byteEv
                0x00000000000001d8       0x20 mpu6050.o
                0x00000000000001d8                hwlib::i2c_read_transaction::read_byte()
 .text._ZN5hwlib20i2c_read_transactionD2Ev
                0x00000000000001f8       0x10 mpu6050.o
                0x00000000000001f8                hwlib::i2c_read_transaction::~i2c_read_transaction()
                0x00000000000001f8                hwlib::i2c_read_transaction::~i2c_read_transaction()
 .text._ZN6sam3xa10SystemInitEv
                0x0000000000000208       0x7c mpu6050.o
                0x0000000000000208                sam3xa::SystemInit()
 .text._ZN3due8pin_infoENS_4pinsE
                0x0000000000000284       0x20 mpu6050.o
                0x0000000000000284                due::pin_info(due::pins)
 .text._ZN3due14port_registersEm
                0x00000000000002a4       0x54 mpu6050.o
                0x00000000000002a4                due::port_registers(unsigned long)
 .text._ZN3due12ticks_per_usEv
                0x00000000000002f8        0x6 mpu6050.o
                0x00000000000002f8                due::ticks_per_us()
 *fill*         0x00000000000002fe        0x2 
 .text._ZN3due9now_ticksEv
                0x0000000000000300       0x80 mpu6050.o
                0x0000000000000300                due::now_ticks()
 .text._ZN5hwlib9uart_putcEc
                0x0000000000000380        0x4 mpu6050.o
                0x0000000000000380                hwlib::uart_putc(char)
 .text._ZN7mpu605016read_from_adressEh
                0x0000000000000384       0x66 mpu6050.o
                0x0000000000000384                mpu6050::read_from_adress(unsigned char)
 .text._ZN7mpu6050C2ERN5hwlib26i2c_bus_bit_banged_scl_sdaEh
                0x00000000000003ea        0xa mpu6050.o
                0x00000000000003ea                mpu6050::mpu6050(hwlib::i2c_bus_bit_banged_scl_sda&, unsigned char)
                0x00000000000003ea                mpu6050::mpu6050(hwlib::i2c_bus_bit_banged_scl_sda&, unsigned char)
 .text._ZN7mpu605012accel_configEh
                0x00000000000003f4       0x3c mpu6050.o
                0x00000000000003f4                mpu6050::accel_config(unsigned char)
 .text._ZN7mpu605012disableSleepEv
                0x0000000000000430       0x2e mpu6050.o
                0x0000000000000430                mpu6050::disableSleep()
 *fill*         0x000000000000045e        0x2 
 .text._ZN7mpu605014get_position_xEv
                0x0000000000000460       0x58 mpu6050.o
                0x0000000000000460                mpu6050::get_position_x()
 .text._ZN7mpu605014get_position_yEv
                0x00000000000004b8       0x58 mpu6050.o
                0x00000000000004b8                mpu6050::get_position_y()
 .text._ZN7mpu605014get_position_zEv
                0x0000000000000510       0x58 mpu6050.o
                0x0000000000000510                mpu6050::get_position_z()
 .text._ZN7mpu605020get_temperature_in_CEv
                0x0000000000000568       0x3c mpu6050.o
                0x0000000000000568                mpu6050::get_temperature_in_C()
 *fill*         0x00000000000005a4        0x4 
 .text._ZN7mpu605020get_temperature_in_KEv
                0x00000000000005a8       0x30 mpu6050.o
                0x00000000000005a8                mpu6050::get_temperature_in_K()
 .text._ZN7mpu605020get_temperature_in_FEv
                0x00000000000005d8       0x38 mpu6050.o
                0x00000000000005d8                mpu6050::get_temperature_in_F()
 .text._ZN7mpu605010get_gyro_xEv
                0x0000000000000610        0xa mpu6050.o
                0x0000000000000610                mpu6050::get_gyro_x()
 .text._ZN7mpu605010get_gyro_yEv
                0x000000000000061a        0xa mpu6050.o
                0x000000000000061a                mpu6050::get_gyro_y()
 .text._ZN7mpu605010get_gyro_zEv
                0x0000000000000624        0xa mpu6050.o
                0x0000000000000624                mpu6050::get_gyro_z()
 *fill*         0x000000000000062e        0x2 
 .text._ZN7mpu605021return_formatted_dataEv
                0x0000000000000630      0x108 mpu6050.o
                0x0000000000000630                mpu6050::return_formatted_data()
 .text._ZN5hwlib20cout_using_uart_putc5flushEv
                0x0000000000000738        0x2 hwlib.o
                0x0000000000000738                hwlib::cout_using_uart_putc::flush()
 .text._ZN5hwlib5panicEPKcj
                0x000000000000073a        0x2 hwlib.o
                0x000000000000073a                hwlib::panic(char const*, unsigned int)
 .text._ZN3due9uart_initEv
                0x000000000000073c       0x60 hwlib.o
                0x000000000000073c                due::uart_init()
 .text._ZN3due9uart_putcEc
                0x000000000000079c       0x1c hwlib.o
                0x000000000000079c                due::uart_putc(char)
 .text._ZN5hwlib20cout_using_uart_putc4putcEc
                0x00000000000007b8        0xa hwlib.o
                0x00000000000007b8                hwlib::cout_using_uart_putc::putc(char)
 .text._ZN5hwlib6now_usEv
                0x00000000000007c2       0x1c hwlib.o
                0x00000000000007c2                hwlib::now_us()
 .text._ZN5hwlib12wait_us_busyEi
                0x00000000000007de       0x1c hwlib.o
                0x00000000000007de                hwlib::wait_us_busy(int)
 .text._ZN5hwlib7wait_usEi
                0x00000000000007fa        0x8 hwlib.o
                0x00000000000007fa                hwlib::wait_us(int)
 .text._ZN5hwlib12wait_ms_busyEi
                0x0000000000000802       0x16 hwlib.o
                0x0000000000000802                hwlib::wait_ms_busy(int)
 .text._ZN5hwlib7wait_msEi
                0x0000000000000818        0x8 hwlib.o
                0x0000000000000818                hwlib::wait_ms(int)
 .text._ZN5hwlib14i2c_primitives8read_ackEv
                0x0000000000000820       0x10 main.o
                0x0000000000000820                hwlib::i2c_primitives::read_ack()
 .text._ZN5hwlib14i2c_primitives9write_ackEv
                0x0000000000000830        0x8 main.o
                0x0000000000000830                hwlib::i2c_primitives::write_ack()
 .text._ZN5hwlib14i2c_primitives10write_nackEv
                0x0000000000000838        0x8 main.o
                0x0000000000000838                hwlib::i2c_primitives::write_nack()
 .text._ZN5hwlib14i2c_primitives5writeEh
                0x0000000000000840       0x1c main.o
                0x0000000000000840                hwlib::i2c_primitives::write(unsigned char)
 .text._ZN5hwlib14i2c_primitives5writeEPKhj
                0x000000000000085c       0x24 main.o
                0x000000000000085c                hwlib::i2c_primitives::write(unsigned char const*, unsigned int)
 .text._ZN5hwlib14i2c_primitives9read_byteEv
                0x0000000000000880       0x20 main.o
                0x0000000000000880                hwlib::i2c_primitives::read_byte()
 .text._ZN5hwlib14i2c_primitives4readEbPhj
                0x00000000000008a0       0x36 main.o
                0x00000000000008a0                hwlib::i2c_primitives::read(bool, unsigned char*, unsigned int)
 .text._ZN3due6pin_oc4readEv
                0x00000000000008d6       0x10 main.o
                0x00000000000008d6                due::pin_oc::read()
 .text._ZN3due6pin_oc5writeEb
                0x00000000000008e6       0x10 main.o
                0x00000000000008e6                due::pin_oc::write(bool)
 .text._ZN3due6pin_oc5flushEv
                0x00000000000008f6        0x2 main.o
                0x00000000000008f6                due::pin_oc::flush()
 .text._ZN3due6pin_oc7refreshEv
                0x00000000000008f8        0x2 main.o
                0x00000000000008f8                due::pin_oc::refresh()
 .text._ZN5hwlib26i2c_bus_bit_banged_scl_sda16wait_half_periodEv.isra.0
                0x00000000000008fa        0x6 main.o
 .text._ZN5hwlib26i2c_bus_bit_banged_scl_sda10write_stopEv
                0x0000000000000900       0x60 main.o
                0x0000000000000900                hwlib::i2c_bus_bit_banged_scl_sda::write_stop()
 .text._ZN5hwlib26i2c_bus_bit_banged_scl_sda11write_startEv
                0x0000000000000960       0x34 main.o
                0x0000000000000960                hwlib::i2c_bus_bit_banged_scl_sda::write_start()
 .text._ZN5hwlib26i2c_bus_bit_banged_scl_sda8read_bitEv
                0x0000000000000994       0x68 main.o
                0x0000000000000994                hwlib::i2c_bus_bit_banged_scl_sda::read_bit()
 .text._ZN5hwlib26i2c_bus_bit_banged_scl_sda9write_bitEb
                0x00000000000009fc       0x52 main.o
                0x00000000000009fc                hwlib::i2c_bus_bit_banged_scl_sda::write_bit(bool)
 *fill*         0x0000000000000a4e        0x2 
 .text._ZN3due6pin_ocC2ENS_4pinsE
                0x0000000000000a50       0x34 main.o
                0x0000000000000a50                due::pin_oc::pin_oc(due::pins)
                0x0000000000000a50                due::pin_oc::pin_oc(due::pins)
 .text.startup.main
                0x0000000000000a84       0x54 main.o
                0x0000000000000a84                main
 .text.__startup
                0x0000000000000ad8       0x48 bmptk_cortex.o
                0x0000000000000ad8                __startup
 .text          0x0000000000000b20      0x378 /usr/bin/../lib/gcc/arm-none-eabi/7.3.1/thumb/v7-m/libgcc.a(_arm_addsubdf3.o)
                0x0000000000000b20                __aeabi_drsub
                0x0000000000000b28                __aeabi_dsub
                0x0000000000000b28                __subdf3
                0x0000000000000b2c                __adddf3
                0x0000000000000b2c                __aeabi_dadd
                0x0000000000000da4                __aeabi_ui2d
                0x0000000000000da4                __floatunsidf
                0x0000000000000dc4                __floatsidf
                0x0000000000000dc4                __aeabi_i2d
                0x0000000000000de8                __extendsfdf2
                0x0000000000000de8                __aeabi_f2d
                0x0000000000000e2c                __aeabi_ul2d
                0x0000000000000e2c                __floatundidf
                0x0000000000000e3c                __floatdidf
                0x0000000000000e3c                __aeabi_l2d
 .text          0x0000000000000e98      0x424 /usr/bin/../lib/gcc/arm-none-eabi/7.3.1/thumb/v7-m/libgcc.a(_arm_muldivdf3.o)
                0x0000000000000e98                __aeabi_dmul
                0x0000000000000e98                __muldf3
                0x00000000000010ec                __aeabi_ddiv
                0x00000000000010ec                __divdf3
 .text          0x00000000000012bc       0xa0 /usr/bin/../lib/gcc/arm-none-eabi/7.3.1/thumb/v7-m/libgcc.a(_arm_truncdfsf2.o)
                0x00000000000012bc                __aeabi_d2f
                0x00000000000012bc                __truncdfsf2
 .text          0x000000000000135c      0x21c /usr/bin/../lib/gcc/arm-none-eabi/7.3.1/thumb/v7-m/libgcc.a(_arm_addsubsf3.o)
                0x000000000000135c                __aeabi_frsub
                0x0000000000001364                __subsf3
                0x0000000000001364                __aeabi_fsub
                0x0000000000001368                __aeabi_fadd
                0x0000000000001368                __addsf3
                0x00000000000014c8                __aeabi_ui2f
                0x00000000000014c8                __floatunsisf
                0x00000000000014d0                __aeabi_i2f
                0x00000000000014d0                __floatsisf
                0x00000000000014ec                __floatundisf
                0x00000000000014ec                __aeabi_ul2f
                0x00000000000014fc                __floatdisf
                0x00000000000014fc                __aeabi_l2f
 .text          0x0000000000001578      0x2a0 /usr/bin/../lib/gcc/arm-none-eabi/7.3.1/thumb/v7-m/libgcc.a(_arm_muldivsf3.o)
                0x0000000000001578                __mulsf3
                0x0000000000001578                __aeabi_fmul
                0x00000000000016e0                __divsf3
                0x00000000000016e0                __aeabi_fdiv
 .text          0x0000000000001818       0xec /usr/bin/../lib/gcc/arm-none-eabi/7.3.1/thumb/v7-m/libgcc.a(_arm_cmpsf2.o)
                0x0000000000001818                __gtsf2
                0x0000000000001818                __gesf2
                0x0000000000001820                __lesf2
                0x0000000000001820                __ltsf2
                0x0000000000001828                __nesf2
                0x0000000000001828                __eqsf2
                0x0000000000001828                __cmpsf2
                0x0000000000001888                __aeabi_cfrcmple
                0x0000000000001890                __aeabi_cfcmple
                0x0000000000001890                __aeabi_cfcmpeq
                0x00000000000018a0                __aeabi_fcmpeq
                0x00000000000018b4                __aeabi_fcmplt
                0x00000000000018c8                __aeabi_fcmple
                0x00000000000018dc                __aeabi_fcmpge
                0x00000000000018f0                __aeabi_fcmpgt
 .text          0x0000000000001904       0x4c /usr/bin/../lib/gcc/arm-none-eabi/7.3.1/thumb/v7-m/libgcc.a(_arm_fixsfsi.o)
                0x0000000000001904                __fixsfsi
                0x0000000000001904                __aeabi_f2iz
 .text          0x0000000000001950       0x30 /usr/bin/../lib/gcc/arm-none-eabi/7.3.1/thumb/v7-m/libgcc.a(_aeabi_uldivmod.o)
                0x0000000000001950                __aeabi_uldivmod
 .text          0x0000000000001980      0x2d0 /usr/bin/../lib/gcc/arm-none-eabi/7.3.1/thumb/v7-m/libgcc.a(_udivmoddi4.o)
                0x0000000000001980                __udivmoddi4
 .text          0x0000000000001c50        0x4 /usr/bin/../lib/gcc/arm-none-eabi/7.3.1/thumb/v7-m/libgcc.a(_dvmd_tls.o)
                0x0000000000001c50                __aeabi_ldiv0
                0x0000000000001c54                . = ALIGN (0x4)
 *(.glue_7t .glue_7)
 .glue_7        0x0000000000001c54        0x0 linker stubs
 .glue_7t       0x0000000000001c54        0x0 linker stubs
                0x0000000000001c54                . = ALIGN (0x4)
 *(.rodata .rodata.* .gnu.linkonce.r.*)
 .rodata._ZN3due8pin_infoENS_4pinsE.str1.1
                0x0000000000001c54       0x37 mpu6050.o
 .rodata._ZN7mpu605021return_formatted_dataEv.str1.1
                0x0000000000001c8b       0x4a mpu6050.o
                                         0x4f (size before relaxing)
 .rodata._ZZN3due8pin_infoENS_4pinsEE14pin_info_array
                0x0000000000001cd5       0xa4 mpu6050.o
 *fill*         0x0000000000001d79        0x3 
 .rodata._ZTVN5hwlib20cout_using_uart_putcE
                0x0000000000001d7c       0x10 hwlib.o
                0x0000000000001d7c                vtable for hwlib::cout_using_uart_putc
 .rodata._ZTVN5hwlib26i2c_bus_bit_banged_scl_sdaE
                0x0000000000001d8c       0x34 main.o
                0x0000000000001d8c                vtable for hwlib::i2c_bus_bit_banged_scl_sda
 .rodata._ZTVN3due6pin_ocE
                0x0000000000001dc0       0x18 main.o
                0x0000000000001dc0                vtable for due::pin_oc
                0x0000000000001dd8                . = ALIGN (0x4)
 *(.ARM.extab* .gnu.linkonce.armextab.*)
                0x0000000000001dd8                . = ALIGN (0x4)
 *(.gcc_except_table)
                0x0000000000001dd8                . = ALIGN (0x4)
 *(.eh_frame_hdr)
                0x0000000000001dd8                . = ALIGN (0x4)
 *(.eh_frame)
                0x0000000000001dd8                . = ALIGN (0x4)
                0x0000000000001dd8                __text_end = .
                [!provide]                        PROVIDE (__text_end = __text_end)

.vfp11_veneer   0x0000000000001dd8        0x0
 .vfp11_veneer  0x0000000000001dd8        0x0 linker stubs

.v4_bx          0x0000000000001dd8        0x0
 .v4_bx         0x0000000000001dd8        0x0 linker stubs

.iplt           0x0000000000001dd8        0x0
 .iplt          0x0000000000001dd8        0x0 mpu6050.o

.IF_YOU_SEE_THIS_YOU_HAVE_ONE_OR_MORE_GLOBAL_OBJECT_CONSTRUCTORS
 *(.init)
 *(.preinit_array)
 *(SORT_BY_NAME(.init_array.*))
 *(.init_array)
                0x0000000000001dd8                . = ALIGN (0x4)
                0x0000000000001dd8                __exidx_start = .
                [!provide]                        PROVIDE (__exidx_start = __exidx_start)

.ARM.exidx      0x0000000000001dd8        0x8
 *(.ARM.exidx* .gnu.linkonce.armexidx.*)
 .ARM.exidx     0x0000000000001dd8        0x8 /usr/bin/../lib/gcc/arm-none-eabi/7.3.1/thumb/v7-m/libgcc.a(_udivmoddi4.o)

.rel.dyn        0x0000000000001de0        0x0
 .rel.iplt      0x0000000000001de0        0x0 mpu6050.o
                0x0000000000001de0                . = ALIGN (0x4)
                0x0000000000001de0                __exidx_end = .
                [!provide]                        PROVIDE (__exidx_end = __exidx_end)

.bss            0x0000000020000000    0x12010
                0x0000000020000000                . = ALIGN (0x4)
                0x0000000020000000                __stack_start = .
                [!provide]                        PROVIDE (__stack_start = __stack_start)
                0x0000000020000000                . = ALIGN (0x4)
 *(.bmptk_stack)
 .bmptk_stack   0x0000000020000000    0x12000 bmptk_fixed_size_stack.o
                0x0000000020000000                bmptk_stack
                0x0000000020012000                . = ALIGN (0x8)
                0x0000000020012000                __main_stack_end = .
                [!provide]                        PROVIDE (__main_stack_end = __main_stack_end)
                0x0000000020012000                . = ALIGN (0x4)
                0x0000000020012000                __stack_end = .
                [!provide]                        PROVIDE (__stack_end = __stack_end)
                0x0000000020012000                . = ALIGN (0x4)
                0x0000000020012000                __bss_start = .
                [!provide]                        PROVIDE (__bss_start = __bss_start)
                0x0000000020012000                . = ALIGN (0x4)
 *(.bss .bss.* .gnu.linkonce.b.*)
 .bss._ZZN3due9now_ticksEvE4high
                0x0000000020012000        0x8 mpu6050.o
 .bss._ZZN3due9now_ticksEvE8last_low
                0x0000000020012008        0x4 mpu6050.o
 .bss._ZZN3due9now_ticksEvE9init_done
                0x000000002001200c        0x1 mpu6050.o
 .bss._ZZN3due9uart_initEvE9init_done
                0x000000002001200d        0x1 hwlib.o
                0x0000000020012010                . = ALIGN (0x4)
 *fill*         0x000000002001200e        0x2 
 *(COMMON)
                0x0000000020012010                . = ALIGN (0x4)
                0x0000000020012010                __bss_end = .
                [!provide]                        PROVIDE (__bss_end = __bss_end)

.data           0x0000000020012010       0x1c load address 0x0000000000001de0
                0x0000000020012010                . = ALIGN (0x4)
                0x0000000000001de0                __data_init_start = LOADADDR (.data)
                [!provide]                        PROVIDE (__data_init_start = __data_init_start)
                0x0000000020012010                __data_start = .
                [!provide]                        PROVIDE (__data_start = __data_start)
                0x0000000020012010                . = ALIGN (0x4)
 *(.data .data.* .gnu.linkonce.d.*)
 .data._ZN6sam3xa15SystemCoreClockE
                0x0000000020012010        0x4 mpu6050.o
                0x0000000020012010                sam3xa::SystemCoreClock
 .data._ZN3due7hw_uartE
                0x0000000020012014        0x4 hwlib.o
                0x0000000020012014                due::hw_uart
 .data._ZN5hwlib4coutE
                0x0000000020012018       0x14 hwlib.o
                0x0000000020012018                hwlib::cout
                0x000000002001202c                . = ALIGN (0x4)
                0x000000002001202c                __data_end = .
                [!provide]                        PROVIDE (__data_end = __data_end)
                0x0000000000001de0                __data_init_end = LOADADDR (.data)
                [!provide]                        PROVIDE (__data_init_end = __data_init_end)
                [!provide]                        PROVIDE (__data_size = (__data_end - __data_start))
                [!provide]                        PROVIDE (__data_init_size = __data_size)
                [!provide]                        PROVIDE (__data_init_end = (__data_init_start + __data_init_size))

.igot.plt       0x000000002001202c        0x0 load address 0x0000000000001dfc
 .igot.plt      0x000000002001202c        0x0 mpu6050.o
                0x000000002001202c                . = ALIGN (0x4)
                0x000000002001202c                __heap_start = .
                [!provide]                        PROVIDE (__heap_start = __heap_start)
                0x000000002001202c                . = ALIGN (0x4)
                0x0000000020018000                __heap_end = __ram_end
                [!provide]                        PROVIDE (__heap_end = __heap_end)

.stab
 *(.stab)

.stabstr
 *(.stabstr)

.debug
 *(.debug)

.line
 *(.line)

.debug_srcinfo
 *(.debug_srcinfo)

.debug_sfnames
 *(.debug_sfnames)

.debug_aranges
 *(.debug_aranges)

.debug_pubnames
 *(.debug_pubnames)

.debug_info
 *(.debug_info .gnu.linkonce.wi.*)

.debug_abbrev
 *(.debug_abbrev)

.debug_line
 *(.debug_line)

.debug_frame    0x0000000000000000      0x2f0
 *(.debug_frame)
 .debug_frame   0x0000000000000000       0xac /usr/bin/../lib/gcc/arm-none-eabi/7.3.1/thumb/v7-m/libgcc.a(_arm_addsubdf3.o)
 .debug_frame   0x00000000000000ac       0x50 /usr/bin/../lib/gcc/arm-none-eabi/7.3.1/thumb/v7-m/libgcc.a(_arm_muldivdf3.o)
 .debug_frame   0x00000000000000fc       0x24 /usr/bin/../lib/gcc/arm-none-eabi/7.3.1/thumb/v7-m/libgcc.a(_arm_truncdfsf2.o)
 .debug_frame   0x0000000000000120       0x4c /usr/bin/../lib/gcc/arm-none-eabi/7.3.1/thumb/v7-m/libgcc.a(_arm_addsubsf3.o)
 .debug_frame   0x000000000000016c       0x38 /usr/bin/../lib/gcc/arm-none-eabi/7.3.1/thumb/v7-m/libgcc.a(_arm_muldivsf3.o)
 .debug_frame   0x00000000000001a4       0xc8 /usr/bin/../lib/gcc/arm-none-eabi/7.3.1/thumb/v7-m/libgcc.a(_arm_cmpsf2.o)
 .debug_frame   0x000000000000026c       0x24 /usr/bin/../lib/gcc/arm-none-eabi/7.3.1/thumb/v7-m/libgcc.a(_arm_fixsfsi.o)
 .debug_frame   0x0000000000000290       0x2c /usr/bin/../lib/gcc/arm-none-eabi/7.3.1/thumb/v7-m/libgcc.a(_aeabi_uldivmod.o)
 .debug_frame   0x00000000000002bc       0x34 /usr/bin/../lib/gcc/arm-none-eabi/7.3.1/thumb/v7-m/libgcc.a(_udivmoddi4.o)

.comment        0x0000000000000000       0x7f
 .comment       0x0000000000000000       0x7f mpu6050.o
                                         0x80 (size before relaxing)
 .comment       0x000000000000007f       0x80 hwlib.o
 .comment       0x000000000000007f       0x80 main.o
 .comment       0x000000000000007f       0x80 bmptk_cortex.o
 .comment       0x000000000000007f       0x80 bmptk_fixed_size_stack.o

.debug_str
 *(.debug_str)

.debug_loc
 *(.debug_loc)

.debug_macinfo
 *(.debug_macinfo)

.debug_weaknames
 *(.debug_weaknames)

.debug_funcnames
 *(.debug_funcnames)

.debug_typenames
 *(.debug_typenames)

.debug_varnames
 *(.debug_varnames)

.note.gnu.arm.ident
 *(.note.gnu.arm.ident)

.ARM.attributes
                0x0000000000000000       0x33
 *(.ARM.attributes)
 .ARM.attributes
                0x0000000000000000       0x33 mpu6050.o
 .ARM.attributes
                0x0000000000000033       0x33 hwlib.o
 .ARM.attributes
                0x0000000000000066       0x33 main.o
 .ARM.attributes
                0x0000000000000099       0x33 bmptk_cortex.o
 .ARM.attributes
                0x00000000000000cc       0x33 bmptk_heap_none.o
 .ARM.attributes
                0x00000000000000ff       0x33 bmptk_fixed_size_stack.o
 .ARM.attributes
                0x0000000000000132       0x1d /usr/bin/../lib/gcc/arm-none-eabi/7.3.1/thumb/v7-m/libgcc.a(_arm_addsubdf3.o)
 .ARM.attributes
                0x000000000000014f       0x1d /usr/bin/../lib/gcc/arm-none-eabi/7.3.1/thumb/v7-m/libgcc.a(_arm_muldivdf3.o)
 .ARM.attributes
                0x000000000000016c       0x1d /usr/bin/../lib/gcc/arm-none-eabi/7.3.1/thumb/v7-m/libgcc.a(_arm_truncdfsf2.o)
 .ARM.attributes
                0x0000000000000189       0x1d /usr/bin/../lib/gcc/arm-none-eabi/7.3.1/thumb/v7-m/libgcc.a(_arm_addsubsf3.o)
 .ARM.attributes
                0x00000000000001a6       0x1d /usr/bin/../lib/gcc/arm-none-eabi/7.3.1/thumb/v7-m/libgcc.a(_arm_muldivsf3.o)
 .ARM.attributes
                0x00000000000001c3       0x1d /usr/bin/../lib/gcc/arm-none-eabi/7.3.1/thumb/v7-m/libgcc.a(_arm_cmpsf2.o)
 .ARM.attributes
                0x00000000000001e0       0x1d /usr/bin/../lib/gcc/arm-none-eabi/7.3.1/thumb/v7-m/libgcc.a(_arm_fixsfsi.o)
 .ARM.attributes
                0x00000000000001fd       0x1d /usr/bin/../lib/gcc/arm-none-eabi/7.3.1/thumb/v7-m/libgcc.a(_aeabi_uldivmod.o)
 .ARM.attributes
                0x000000000000021a       0x2d /usr/bin/../lib/gcc/arm-none-eabi/7.3.1/thumb/v7-m/libgcc.a(_udivmoddi4.o)
 .ARM.attributes
                0x0000000000000247       0x1d /usr/bin/../lib/gcc/arm-none-eabi/7.3.1/thumb/v7-m/libgcc.a(_dvmd_tls.o)

/DISCARD/
 *(.note.GNU-stack)
                [!provide]                        PROVIDE (__text_size = (__text_end - __text_start))
                [!provide]                        PROVIDE (__exidx_size = (__exidx_end - __exidx_start))
                [!provide]                        PROVIDE (__bss_size = (__bss_end - __bss_start))
                [!provide]                        PROVIDE (__stack_size = (__stack_end - __stack_start))
                [!provide]                        PROVIDE (__heap_size = (__heap_end - __heap_start))
OUTPUT(main.elf elf32-littlearm)
