Archive member included to satisfy reference by file (symbol)

/usr/bin/../lib/gcc/arm-none-eabi/7.3.1/thumb/v7-m/libgcc.a(_arm_addsubdf3.o)
                              mpu6050.o (__aeabi_dadd)
/usr/bin/../lib/gcc/arm-none-eabi/7.3.1/thumb/v7-m/libgcc.a(_arm_muldivdf3.o)
                              mpu6050.o (__aeabi_dmul)
/usr/bin/../lib/gcc/arm-none-eabi/7.3.1/thumb/v7-m/libgcc.a(_arm_truncdfsf2.o)
                              mpu6050.o (__aeabi_d2f)
/usr/bin/../lib/gcc/arm-none-eabi/7.3.1/thumb/v7-m/libgcc.a(_arm_addsubsf3.o)
                              mpu6050.o (__aeabi_fadd)
/usr/bin/../lib/gcc/arm-none-eabi/7.3.1/thumb/v7-m/libgcc.a(_arm_muldivsf3.o)
                              mpu6050.o (__aeabi_fmul)
/usr/bin/../lib/gcc/arm-none-eabi/7.3.1/thumb/v7-m/libgcc.a(_arm_cmpsf2.o)
                              mpu6050.o (__aeabi_fcmplt)
/usr/bin/../lib/gcc/arm-none-eabi/7.3.1/thumb/v7-m/libgcc.a(_arm_fixsfsi.o)
                              mpu6050.o (__aeabi_f2iz)
/usr/bin/../lib/gcc/arm-none-eabi/7.3.1/thumb/v7-m/libgcc.a(_aeabi_uldivmod.o)
                              hwlib.o (__aeabi_uldivmod)
/usr/bin/../lib/gcc/arm-none-eabi/7.3.1/thumb/v7-m/libgcc.a(_udivmoddi4.o)
                              /usr/bin/../lib/gcc/arm-none-eabi/7.3.1/thumb/v7-m/libgcc.a(_aeabi_uldivmod.o) (__udivmoddi4)
/usr/bin/../lib/gcc/arm-none-eabi/7.3.1/thumb/v7-m/libgcc.a(_dvmd_tls.o)
                              /usr/bin/../lib/gcc/arm-none-eabi/7.3.1/thumb/v7-m/libgcc.a(_aeabi_uldivmod.o) (__aeabi_ldiv0)
/usr/bin/../lib/gcc/arm-none-eabi/7.3.1/../../../../arm-none-eabi/lib/thumb/v7-m/libc.a(lib_a-memcpy.o)
                              main.o (memcpy)

Allocating common symbols
Common symbol       size              file

__dso_handle        0x4               bmptk_cortex.o

Discarded input sections

 .group         0x0000000000000000        0x8 mpu6050.o
 .group         0x0000000000000000        0xc mpu6050.o
 .group         0x0000000000000000        0xc mpu6050.o
 .group         0x0000000000000000        0x8 mpu6050.o
 .group         0x0000000000000000        0x8 mpu6050.o
 .group         0x0000000000000000        0x8 mpu6050.o
 .group         0x0000000000000000        0x8 mpu6050.o
 .group         0x0000000000000000        0x8 mpu6050.o
 .group         0x0000000000000000        0x8 mpu6050.o
 .group         0x0000000000000000        0xc mpu6050.o
 .text          0x0000000000000000        0x0 mpu6050.o
 .data          0x0000000000000000        0x0 mpu6050.o
 .bss           0x0000000000000000        0x0 mpu6050.o
 .text._ZN3due11ad_pin_infoENS_7ad_pinsE
                0x0000000000000000       0x1c mpu6050.o
 .text._ZN3due11ad_seq_infoEm
                0x0000000000000000       0x20 mpu6050.o
 .text._ZN5hwlib9uart_putcEc
                0x0000000000000000        0x4 mpu6050.o
 .text._ZN5hwlib19uart_char_availableEv
                0x0000000000000000        0x4 mpu6050.o
 .text._ZN5hwlib9uart_getcEv
                0x0000000000000000        0x4 mpu6050.o
 .text._ZN7mpu605012accel_configEh
                0x0000000000000000       0x3c mpu6050.o
 .text._ZN7mpu605011enableSleepEv
                0x0000000000000000       0x34 mpu6050.o
 .text._ZN7mpu60506freezeEv
                0x0000000000000000       0x34 mpu6050.o
 .text._ZN7mpu605014get_position_xEv
                0x0000000000000000       0x58 mpu6050.o
 .text._ZN7mpu605014get_position_zEv
                0x0000000000000000       0x58 mpu6050.o
 .text._ZN7mpu605020get_temperature_in_CEv
                0x0000000000000000       0x3c mpu6050.o
 .text._ZN7mpu605020get_temperature_in_KEv
                0x0000000000000000       0x30 mpu6050.o
 .text._ZN7mpu605020get_temperature_in_FEv
                0x0000000000000000       0x38 mpu6050.o
 .text._ZN7mpu605010get_gyro_xEv
                0x0000000000000000        0xa mpu6050.o
 .text._ZN7mpu605010get_gyro_yEv
                0x0000000000000000        0xa mpu6050.o
 .text._ZN7mpu605010get_gyro_zEv
                0x0000000000000000        0xa mpu6050.o
 .text._ZN7mpu605021return_formatted_dataEv
                0x0000000000000000      0x10c mpu6050.o
 .rodata        0x0000000000000000        0x4 mpu6050.o
 .rodata._ZN7mpu605021return_formatted_dataEv.str1.1
                0x0000000000000000       0x4f mpu6050.o
 .rodata._ZZN3due11ad_pin_infoENS_7ad_pinsEE17ad_pin_info_array
                0x0000000000000000        0xc mpu6050.o
 .rodata._ZZN3due11ad_seq_infoEmE12ad_seq_array
                0x0000000000000000       0x70 mpu6050.o
 .group         0x0000000000000000        0x8 hwlib.o
 .group         0x0000000000000000        0x8 hwlib.o
 .group         0x0000000000000000        0x8 hwlib.o
 .group         0x0000000000000000        0x8 hwlib.o
 .group         0x0000000000000000        0x8 hwlib.o
 .group         0x0000000000000000        0x8 hwlib.o
 .group         0x0000000000000000        0x8 hwlib.o
 .group         0x0000000000000000        0x8 hwlib.o
 .group         0x0000000000000000        0x8 hwlib.o
[...]
Memory Configuration

Name             Origin             Length             Attributes
rom              0x0000000000000000 0x0000000000080000 xr
ram              0x0000000020000000 0x0000000000018000 xrw
nul              0x0000000020018000 0x0000000000000000 xrw
*default*        0x0000000000000000 0xffffffffffffffff

Linker script and memory map

LOAD /usr/bin/../lib/gcc/arm-none-eabi/7.3.1/thumb/v7-m/libgcc.a
LOAD mpu6050.o
LOAD hwlib.o
LOAD main.o
LOAD bmptk_cortex.o
LOAD bmptk_heap_none.o
LOAD bmptk_fixed_size_stack.o
LOAD /usr/bin/../lib/gcc/arm-none-eabi/7.3.1/../../../../arm-none-eabi/lib/thumb/v7-m/libm.a
LOAD /usr/bin/../lib/gcc/arm-none-eabi/7.3.1/thumb/v7-m/libgcc.a
LOAD /usr/bin/../lib/gcc/arm-none-eabi/7.3.1/../../../../arm-none-eabi/lib/thumb/v7-m/libc.a
                0x0000000000000000                __rom_start = ORIGIN (rom)
                0x0000000000080000                __rom_size = LENGTH (rom)
                0x0000000000080000                __rom_end = (__rom_start + __rom_size)
                0x0000000020000000                __ram_start = ORIGIN (ram)
                0x0000000000018000                __ram_size = LENGTH (ram)
                0x0000000020018000                __ram_end = (__ram_start + __ram_size)
                [!provide]                        PROVIDE (__rom_start = __rom_start)
                [!provide]                        PROVIDE (__rom_size = __rom_size)
                [!provide]                        PROVIDE (__rom_end = __rom_end)
                [!provide]                        PROVIDE (__ram_start = __ram_start)
                [!provide]                        PROVIDE (__ram_size = __ram_size)
                [!provide]                        PROVIDE (__ram_end = __ram_end)

.text           0x0000000000000000     0x40d0
                0x0000000000000000                . = ALIGN (0x4)
                0x0000000000000000                __text_start = .
                [!provide]                        PROVIDE (__text_start = __text_start)
                0x0000000000000000                . = ALIGN (0x4)
 *(.vectors)
 .vectors       0x0000000000000000       0x20 bmptk_cortex.o
                0x0000000000000000                __vectors
                0x0000000000000020                . = ALIGN (0x4)
 *(.text .text.* .gnu.linkonce.t.*)
 .text._ZN5hwlib7ostreamlsEc
                0x0000000000000020        0xe mpu6050.o
                0x0000000000000020                hwlib::ostream::operator<<(char)
 .text._ZN5hwliblsERNS_7ostreamEPKc
                0x000000000000002e       0x66 mpu6050.o
                0x000000000000002e                hwlib::operator<<(hwlib::ostream&, char const*)
 .text._ZN5hwliblsERNS_7ostreamEi
                0x0000000000000094       0xce mpu6050.o
                0x0000000000000094                hwlib::operator<<(hwlib::ostream&, int)
 .text._ZN5hwlib21i2c_write_transactionC2ERNS_14i2c_primitivesEj
                0x0000000000000162       0x24 mpu6050.o
                0x0000000000000162                hwlib::i2c_write_transaction::i2c_write_transaction(hwlib::i2c_primitives&, unsigned int)
                0x0000000000000162                hwlib::i2c_write_transaction::i2c_write_transaction(hwlib::i2c_primitives&, unsigned int)
 .text._ZN5hwlib21i2c_write_transaction5writeEPKhj
                0x0000000000000186        0x8 mpu6050.o
                0x0000000000000186                hwlib::i2c_write_transaction::write(unsigned char const*, unsigned int)
 .text._ZN5hwlib21i2c_write_transactionD2Ev
                0x000000000000018e       0x18 mpu6050.o
                0x000000000000018e                hwlib::i2c_write_transaction::~i2c_write_transaction()
                0x000000000000018e                hwlib::i2c_write_transaction::~i2c_write_transaction()
 .text._ZN5hwlib20i2c_read_transactionC2ERNS_14i2c_primitivesEj
                0x00000000000001a6       0x32 mpu6050.o
                0x00000000000001a6                hwlib::i2c_read_transaction::i2c_read_transaction(hwlib::i2c_primitives&, unsigned int)
                0x00000000000001a6                hwlib::i2c_read_transaction::i2c_read_transaction(hwlib::i2c_primitives&, unsigned int)
 .text._ZN5hwlib20i2c_read_transaction9read_byteEv
                0x00000000000001d8       0x20 mpu6050.o
                0x00000000000001d8                hwlib::i2c_read_transaction::read_byte()
 .text._ZN5hwlib20i2c_read_transactionD2Ev
                0x00000000000001f8       0x10 mpu6050.o
                0x00000000000001f8                hwlib::i2c_read_transaction::~i2c_read_transaction()
                0x00000000000001f8                hwlib::i2c_read_transaction::~i2c_read_transaction()
 .text._ZN6sam3xa10SystemInitEv
                0x0000000000000208       0x7c mpu6050.o
                0x0000000000000208                sam3xa::SystemInit()
 .text._ZN3due8pin_infoENS_4pinsE
                0x0000000000000284       0x20 mpu6050.o
                0x0000000000000284                due::pin_info(due::pins)
 .text._ZN3due14port_registersEm
                0x00000000000002a4       0x54 mpu6050.o
                0x00000000000002a4                due::port_registers(unsigned long)
 .text._ZN3due12ticks_per_usEv
                0x00000000000002f8        0x6 mpu6050.o
                0x00000000000002f8                due::ticks_per_us()
 *fill*         0x00000000000002fe        0x2 
 .text._ZN3due9now_ticksEv
                0x0000000000000300       0x80 mpu6050.o
                0x0000000000000300                due::now_ticks()
 .text._ZN7mpu605016read_from_adressEh
                0x0000000000000380       0x66 mpu6050.o
                0x0000000000000380                mpu6050::read_from_adress(unsigned char)
 .text._ZN7mpu6050C2ERN5hwlib26i2c_bus_bit_banged_scl_sdaEh
                0x00000000000003e6        0xc mpu6050.o
                0x00000000000003e6                mpu6050::mpu6050(hwlib::i2c_bus_bit_banged_scl_sda&, unsigned char)
                0x00000000000003e6                mpu6050::mpu6050(hwlib::i2c_bus_bit_banged_scl_sda&, unsigned char)
 .text._ZN7mpu605012disableSleepEv
                0x00000000000003f2       0x2e mpu6050.o
                0x00000000000003f2                mpu6050::disableSleep()
 .text._ZN7mpu605014get_position_yEv
                0x0000000000000420       0x58 mpu6050.o
                0x0000000000000420                mpu6050::get_position_y()
 .text._ZNK5hwlib14image_invert_t18get_implementationENS_2xyE
                0x0000000000000478       0x8a hwlib.o
                0x0000000000000478                hwlib::image_invert_t::get_implementation(hwlib::xy) const
 *fill*         0x0000000000000502        0x2 
 .text._ZNK5hwlib9image_8x818get_implementationENS_2xyE
                0x0000000000000504       0x44 hwlib.o
                0x0000000000000504                hwlib::image_8x8::get_implementation(hwlib::xy) const
 .text._ZN5hwlib5panicEPKcj
                0x0000000000000548        0x2 hwlib.o
                0x0000000000000548                hwlib::panic(char const*, unsigned int)
 .text._ZN5hwlib3allENS_2xyE
                0x000000000000054a       0x16 hwlib.o
                0x000000000000054a                hwlib::all(hwlib::xy)
 .text._ZN5hwlib6invertERKNS_5imageE
                0x0000000000000560       0x18 hwlib.o
                0x0000000000000560                hwlib::invert(hwlib::image const&)
 .text._ZN5hwlib6window5writeENS_2xyENS_5colorE
                0x0000000000000578       0x3e hwlib.o
                0x0000000000000578                hwlib::window::write(hwlib::xy, hwlib::color)
 .text._ZN5hwlib6now_usEv
                0x00000000000005b6       0x1c hwlib.o
                0x00000000000005b6                hwlib::now_us()
 .text._ZN5hwlib12wait_us_busyEi
                0x00000000000005d2       0x1c hwlib.o
                0x00000000000005d2                hwlib::wait_us_busy(int)
 .text._ZN5hwlib7wait_usEi
                0x00000000000005ee        0x8 hwlib.o
                0x00000000000005ee                hwlib::wait_us(int)
 .text._ZN5hwlib12wait_ms_busyEi
                0x00000000000005f6       0x16 hwlib.o
                0x00000000000005f6                hwlib::wait_ms_busy(int)
 .text._ZN5hwlib7wait_msEi
                0x000000000000060c        0x8 hwlib.o
                0x000000000000060c                hwlib::wait_ms(int)
 .text._ZN5hwlib8terminal10cursor_setENS_2xyE
                0x0000000000000614       0x28 main.o
                0x0000000000000614                hwlib::terminal::cursor_set(hwlib::xy)
 .text._ZN5hwlib14i2c_primitives8read_ackEv
                0x000000000000063c       0x10 main.o
                0x000000000000063c                hwlib::i2c_primitives::read_ack()
 .text._ZN5hwlib14i2c_primitives9write_ackEv
                0x000000000000064c        0x8 main.o
                0x000000000000064c                hwlib::i2c_primitives::write_ack()
 .text._ZN5hwlib14i2c_primitives10write_nackEv
                0x0000000000000654        0x8 main.o
                0x0000000000000654                hwlib::i2c_primitives::write_nack()
 .text._ZN5hwlib14i2c_primitives5writeEh
                0x000000000000065c       0x1c main.o
                0x000000000000065c                hwlib::i2c_primitives::write(unsigned char)
 .text._ZN5hwlib14i2c_primitives5writeEPKhj
                0x0000000000000678       0x24 main.o
                0x0000000000000678                hwlib::i2c_primitives::write(unsigned char const*, unsigned int)
 .text._ZN5hwlib14i2c_primitives9read_byteEv
                0x000000000000069c       0x20 main.o
                0x000000000000069c                hwlib::i2c_primitives::read_byte()
 .text._ZN5hwlib14i2c_primitives4readEbPhj
                0x00000000000006bc       0x36 main.o
                0x00000000000006bc                hwlib::i2c_primitives::read(bool, unsigned char*, unsigned int)
 .text._ZN5hwlib13terminal_from25cursor_set_implementationENS_2xyE
                0x00000000000006f2       0x28 main.o
                0x00000000000006f2                hwlib::terminal_from::cursor_set_implementation(hwlib::xy)
 .text._ZN5hwlib13terminal_from5clearEv
                0x000000000000071a       0x28 main.o
                0x000000000000071a                hwlib::terminal_from::clear()
 .text._ZN5hwlib13terminal_from5flushEv
                0x0000000000000742        0x8 main.o
                0x0000000000000742                hwlib::terminal_from::flush()
 *fill*         0x000000000000074a        0x2 
 .text._ZNK5hwlib16font_default_8x8ixEc
                0x000000000000074c       0x14 main.o
                0x000000000000074c                hwlib::font_default_8x8::operator[](char) const
 .text._ZN5hwlib29glcd_oled_i2c_128x64_buffered20write_implementationENS_2xyENS_5colorE
                0x0000000000000760       0x64 main.o
                0x0000000000000760                hwlib::glcd_oled_i2c_128x64_buffered::write_implementation(hwlib::xy, hwlib::color)
 .text._ZN3due6pin_in4readEv
                0x00000000000007c4       0x10 main.o
                0x00000000000007c4                due::pin_in::read()
 .text._ZN3due6pin_in7refreshEv
                0x00000000000007d4        0x2 main.o
                0x00000000000007d4                due::pin_in::refresh()
 .text._ZN3due6pin_oc4readEv
                0x00000000000007d6       0x10 main.o
                0x00000000000007d6                due::pin_oc::read()
 .text._ZN3due6pin_oc5writeEb
                0x00000000000007e6       0x10 main.o
                0x00000000000007e6                due::pin_oc::write(bool)
 .text._ZN3due6pin_oc5flushEv
                0x00000000000007f6        0x2 main.o
                0x00000000000007f6                due::pin_oc::flush()
 .text._ZN3due6pin_oc7refreshEv
                0x00000000000007f8        0x2 main.o
                0x00000000000007f8                due::pin_oc::refresh()
 .text._ZN8drawable4drawEv
                0x00000000000007fa        0x2 main.o
                0x00000000000007fa                drawable::draw()
 .text._ZN8drawable8interactERS_
                0x00000000000007fc        0x2 main.o
                0x00000000000007fc                drawable::interact(drawable&)
 .text._ZN8drawable18initialiseNextMoveEv
                0x00000000000007fe        0xe main.o
                0x00000000000007fe                drawable::initialiseNextMove()
 .text._ZN8drawable15executeNextMoveEv
                0x000000000000080c        0xc main.o
                0x000000000000080c                drawable::executeNextMove()
 .text._ZN5mario15executeNextMoveEv
                0x0000000000000818       0x44 main.o
                0x0000000000000818                mario::executeNextMove()
 .text._ZN6goomba18initialiseNextMoveEv
                0x000000000000085c       0x1a main.o
                0x000000000000085c                goomba::initialiseNextMove()
 .text._ZN6goomba15executeNextMoveEv
                0x0000000000000876       0x1c main.o
                0x0000000000000876                goomba::executeNextMove()
 .text._ZN5hwlib8terminal4putcEc
                0x0000000000000892       0xde main.o
                0x0000000000000892                hwlib::terminal::putc(char)
 .text._ZN5hwlib26i2c_bus_bit_banged_scl_sda16wait_half_periodEv.isra.7
                0x0000000000000970        0x6 main.o
 .text._ZN5hwlib26i2c_bus_bit_banged_scl_sda10write_stopEv
                0x0000000000000976       0x60 main.o
                0x0000000000000976                hwlib::i2c_bus_bit_banged_scl_sda::write_stop()
 .text._ZN5hwlib26i2c_bus_bit_banged_scl_sda11write_startEv
                0x00000000000009d6       0x34 main.o
                0x00000000000009d6                hwlib::i2c_bus_bit_banged_scl_sda::write_start()
 .text._ZN5hwlib26i2c_bus_bit_banged_scl_sda8read_bitEv
                0x0000000000000a0a       0x68 main.o
                0x0000000000000a0a                hwlib::i2c_bus_bit_banged_scl_sda::read_bit()
 .text._ZN5hwlib26i2c_bus_bit_banged_scl_sda9write_bitEb
                0x0000000000000a72       0x52 main.o
                0x0000000000000a72                hwlib::i2c_bus_bit_banged_scl_sda::write_bit(bool)
 .text._ZN5mario18initialiseNextMoveEv
                0x0000000000000ac4       0x68 main.o
                0x0000000000000ac4                mario::initialiseNextMove()
 .text._ZN5hwlib13xy_iterator_tppEv
                0x0000000000000b2c       0x18 main.o
                0x0000000000000b2c                hwlib::xy_iterator_t::operator++()
 .text._ZN5hwlib6window5clearENS_5colorE
                0x0000000000000b44       0x50 main.o
                0x0000000000000b44                hwlib::window::clear(hwlib::color)
 .text._ZN5hwlib6window5clearEv
                0x0000000000000b94       0x4e main.o
                0x0000000000000b94                hwlib::window::clear()
 .text._ZN5hwlib13terminal_from19putc_implementationEc
                0x0000000000000be2       0xa2 main.o
                0x0000000000000be2                hwlib::terminal_from::putc_implementation(char)
 .text._ZN8flagpole4drawEv
                0x0000000000000c84       0x42 main.o
                0x0000000000000c84                flagpole::draw()
 *fill*         0x0000000000000cc6        0x2 
 .text._ZN5block4drawEv
                0x0000000000000cc8       0x4c main.o
                0x0000000000000cc8                block::draw()
 .text._ZN6entity4drawEv
                0x0000000000000d14       0x64 main.o
                0x0000000000000d14                entity::draw()
 .text._ZN5hwlib11ssd1306_i2c7commandENS_16ssd1306_commandsEhh
                0x0000000000000d78       0x3c main.o
                0x0000000000000d78                hwlib::ssd1306_i2c::command(hwlib::ssd1306_commands, unsigned char, unsigned char)
 .text._ZN5hwlib29glcd_oled_i2c_128x64_buffered5flushEv
                0x0000000000000db4       0x58 main.o
                0x0000000000000db4                hwlib::glcd_oled_i2c_128x64_buffered::flush()
 .text._ZN3due6pin_ocC2ENS_4pinsE
                0x0000000000000e0c       0x34 main.o
                0x0000000000000e0c                due::pin_oc::pin_oc(due::pins)
                0x0000000000000e0c                due::pin_oc::pin_oc(due::pins)
 .text._ZN8drawable12will_overlapERKS_
                0x0000000000000e40       0x2c main.o
                0x0000000000000e40                drawable::will_overlap(drawable const&)
 .text._ZN4coin8interactER8drawable
                0x0000000000000e6c       0x1e main.o
                0x0000000000000e6c                coin::interact(drawable&)
 .text._ZN6entity8interactER8drawable
                0x0000000000000e8a       0x86 main.o
                0x0000000000000e8a                entity::interact(drawable&)
 .text._ZN5mario8interactER8drawable
                0x0000000000000f10       0x28 main.o
                0x0000000000000f10                mario::interact(drawable&)
 .text._ZN6goomba8interactER8drawable
                0x0000000000000f38       0x28 main.o
                0x0000000000000f38                goomba::interact(drawable&)
 .text._ZN8flagpoleC2ERKS_
                0x0000000000000f60       0x44 main.o
                0x0000000000000f60                flagpole::flagpole(flagpole const&)
                0x0000000000000f60                flagpole::flagpole(flagpole const&)
 .text._ZN5level19check_if_mario_winsEv
                0x0000000000000fa4       0xc4 main.o
                0x0000000000000fa4                level::check_if_mario_wins()
 .text._ZN5level4playEv
                0x0000000000001068      0x1c0 main.o
                0x0000000000001068                level::play()
 .text.startup.main
                0x0000000000001228     0x155c main.o
                0x0000000000001228                main
 .text.__startup
                0x0000000000002784       0x48 bmptk_cortex.o
                0x0000000000002784                __startup
 .text          0x00000000000027cc      0x21c /usr/bin/../lib/gcc/arm-none-eabi/7.3.1/thumb/v7-m/libgcc.a(_arm_addsubsf3.o)
                0x00000000000027cc                __aeabi_frsub
                0x00000000000027d4                __subsf3
                0x00000000000027d4                __aeabi_fsub
                0x00000000000027d8                __aeabi_fadd
                0x00000000000027d8                __addsf3
                0x0000000000002938                __aeabi_ui2f
                0x0000000000002938                __floatunsisf
                0x0000000000002940                __aeabi_i2f
                0x0000000000002940                __floatsisf
                0x000000000000295c                __floatundisf
                0x000000000000295c                __aeabi_ul2f
                0x000000000000296c                __floatdisf
                0x000000000000296c                __aeabi_l2f
 .text          0x00000000000029e8      0x2a0 /usr/bin/../lib/gcc/arm-none-eabi/7.3.1/thumb/v7-m/libgcc.a(_arm_muldivsf3.o)
                0x00000000000029e8                __mulsf3
                0x00000000000029e8                __aeabi_fmul
                0x0000000000002b50                __divsf3
                0x0000000000002b50                __aeabi_fdiv
 .text          0x0000000000002c88       0xec /usr/bin/../lib/gcc/arm-none-eabi/7.3.1/thumb/v7-m/libgcc.a(_arm_cmpsf2.o)
                0x0000000000002c88                __gtsf2
                0x0000000000002c88                __gesf2
                0x0000000000002c90                __lesf2
                0x0000000000002c90                __ltsf2
                0x0000000000002c98                __nesf2
                0x0000000000002c98                __eqsf2
                0x0000000000002c98                __cmpsf2
                0x0000000000002cf8                __aeabi_cfrcmple
                0x0000000000002d00                __aeabi_cfcmple
                0x0000000000002d00                __aeabi_cfcmpeq
                0x0000000000002d10                __aeabi_fcmpeq
                0x0000000000002d24                __aeabi_fcmplt
                0x0000000000002d38                __aeabi_fcmple
                0x0000000000002d4c                __aeabi_fcmpge
                0x0000000000002d60                __aeabi_fcmpgt
 .text          0x0000000000002d74       0x4c /usr/bin/../lib/gcc/arm-none-eabi/7.3.1/thumb/v7-m/libgcc.a(_arm_fixsfsi.o)
                0x0000000000002d74                __fixsfsi
                0x0000000000002d74                __aeabi_f2iz
 .text          0x0000000000002dc0       0x30 /usr/bin/../lib/gcc/arm-none-eabi/7.3.1/thumb/v7-m/libgcc.a(_aeabi_uldivmod.o)
                0x0000000000002dc0                __aeabi_uldivmod
 .text          0x0000000000002df0      0x2d0 /usr/bin/../lib/gcc/arm-none-eabi/7.3.1/thumb/v7-m/libgcc.a(_udivmoddi4.o)
                0x0000000000002df0                __udivmoddi4
 .text          0x00000000000030c0        0x4 /usr/bin/../lib/gcc/arm-none-eabi/7.3.1/thumb/v7-m/libgcc.a(_dvmd_tls.o)
                0x00000000000030c0                __aeabi_ldiv0
 .text          0x00000000000030c4       0xec /usr/bin/../lib/gcc/arm-none-eabi/7.3.1/../../../../arm-none-eabi/lib/thumb/v7-m/libc.a(lib_a-memcpy.o)
                0x00000000000030c4                memcpy
                0x00000000000031b0                . = ALIGN (0x4)
 *(.glue_7t .glue_7)
 .glue_7        0x00000000000031b0        0x0 linker stubs
 .glue_7t       0x00000000000031b0        0x0 linker stubs
                0x00000000000031b0                . = ALIGN (0x4)
 *(.rodata .rodata.* .gnu.linkonce.r.*)
 .rodata._ZN3due8pin_infoENS_4pinsE.str1.1
                0x00000000000031b0       0x37 mpu6050.o
 .rodata._ZZN3due8pin_infoENS_4pinsEE14pin_info_array
                0x00000000000031e7       0xa4 mpu6050.o
 *fill*         0x000000000000328b        0x1 
 .rodata._ZTVN5hwlib14image_invert_tE
                0x000000000000328c        0xc hwlib.o
                0x000000000000328c                vtable for hwlib::image_invert_t
 .rodata._ZTVN5hwlib9image_8x8E
                0x0000000000003298        0xc hwlib.o
                0x0000000000003298                vtable for hwlib::image_8x8
 .rodata._ZN5hwlib16font_default_8x86imagesE
                0x00000000000032a4      0xa00 hwlib.o
                0x00000000000032a4                hwlib::font_default_8x8::images
 .rodata._ZN5hwlibL5blackE
                0x0000000000003ca4        0x4 hwlib.o
 .rodata._ZN5hwlibL5whiteE
                0x0000000000003ca8        0x4 hwlib.o
 .rodata._ZTVN5hwlib26i2c_bus_bit_banged_scl_sdaE
                0x0000000000003cac       0x34 main.o
                0x0000000000003cac                vtable for hwlib::i2c_bus_bit_banged_scl_sda
 .rodata._ZTVN5hwlib13terminal_fromE
                0x0000000000003ce0       0x20 main.o
                0x0000000000003ce0                vtable for hwlib::terminal_from
 .rodata._ZTVN5hwlib16font_default_8x8E
                0x0000000000003d00        0xc main.o
                0x0000000000003d00                vtable for hwlib::font_default_8x8
 .rodata._ZTVN5hwlib29glcd_oled_i2c_128x64_bufferedE
                0x0000000000003d0c       0x18 main.o
                0x0000000000003d0c                vtable for hwlib::glcd_oled_i2c_128x64_buffered
 .rodata._ZTVN3due6pin_inE
                0x0000000000003d24       0x10 main.o
                0x0000000000003d24                vtable for due::pin_in
 .rodata._ZTVN3due6pin_ocE
                0x0000000000003d34       0x18 main.o
                0x0000000000003d34                vtable for due::pin_oc
 .rodata._ZTV6ground
                0x0000000000003d4c       0x18 main.o
                0x0000000000003d4c                vtable for ground
 .rodata._ZTV5brick
                0x0000000000003d64       0x18 main.o
                0x0000000000003d64                vtable for brick
 .rodata._ZTV14question_block
                0x0000000000003d7c       0x18 main.o
                0x0000000000003d7c                vtable for question_block
 .rodata._ZTV5mario
                0x0000000000003d94       0x18 main.o
                0x0000000000003d94                vtable for mario
 .rodata._ZTV4coin
                0x0000000000003dac       0x18 main.o
                0x0000000000003dac                vtable for coin
 .rodata._ZTV6goomba
                0x0000000000003dc4       0x18 main.o
                0x0000000000003dc4                vtable for goomba
 .rodata._ZTV8flagpole
                0x0000000000003ddc       0x18 main.o
                0x0000000000003ddc                vtable for flagpole
 .rodata._ZTV5dummy
                0x0000000000003df4       0x18 main.o
                0x0000000000003df4                vtable for dummy
 .rodata._ZN6entity7textureE
                0x0000000000003e0c       0x80 main.o
                0x0000000000003e0c                entity::texture
 .rodata._ZN5block7textureE
                0x0000000000003e8c      0x100 main.o
                0x0000000000003e8c                block::texture
 .rodata        0x0000000000003f8c       0xf0 main.o
 .rodata._ZN5hwlibL22ssd1306_initializationE
                0x000000000000407c       0x29 main.o
 .rodata._ZN5level19check_if_mario_winsEv.str1.1
                0x00000000000040a5       0x1d main.o
 .rodata._ZN5level4playEv.str1.1
                0x00000000000040c2        0xd main.o
                0x00000000000040d0                . = ALIGN (0x4)
 *fill*         0x00000000000040cf        0x1 
 *(.ARM.extab* .gnu.linkonce.armextab.*)
                0x00000000000040d0                . = ALIGN (0x4)
 *(.gcc_except_table)
                0x00000000000040d0                . = ALIGN (0x4)
 *(.eh_frame_hdr)
                0x00000000000040d0                . = ALIGN (0x4)
 *(.eh_frame)
                0x00000000000040d0                . = ALIGN (0x4)
                0x00000000000040d0                __text_end = .
                [!provide]                        PROVIDE (__text_end = __text_end)

.vfp11_veneer   0x00000000000040d0        0x0
 .vfp11_veneer  0x00000000000040d0        0x0 linker stubs

.v4_bx          0x00000000000040d0        0x0
 .v4_bx         0x00000000000040d0        0x0 linker stubs

.iplt           0x00000000000040d0        0x0
 .iplt          0x00000000000040d0        0x0 mpu6050.o

.IF_YOU_SEE_THIS_YOU_HAVE_ONE_OR_MORE_GLOBAL_OBJECT_CONSTRUCTORS
 *(.init)
 *(.preinit_array)
 *(SORT_BY_NAME(.init_array.*))
 *(.init_array)
                0x00000000000040d0                . = ALIGN (0x4)
                0x00000000000040d0                __exidx_start = .
                [!provide]                        PROVIDE (__exidx_start = __exidx_start)

.ARM.exidx      0x00000000000040d0        0x8
 *(.ARM.exidx* .gnu.linkonce.armexidx.*)
 .ARM.exidx     0x00000000000040d0        0x8 /usr/bin/../lib/gcc/arm-none-eabi/7.3.1/thumb/v7-m/libgcc.a(_udivmoddi4.o)

.rel.dyn        0x00000000000040d8        0x0
 .rel.iplt      0x00000000000040d8        0x0 mpu6050.o
                0x00000000000040d8                . = ALIGN (0x4)
                0x00000000000040d8                __exidx_end = .
                [!provide]                        PROVIDE (__exidx_end = __exidx_end)

.bss            0x0000000020000000    0x12010
                0x0000000020000000                . = ALIGN (0x4)
                0x0000000020000000                __stack_start = .
                [!provide]                        PROVIDE (__stack_start = __stack_start)
                0x0000000020000000                . = ALIGN (0x4)
 *(.bmptk_stack)
 .bmptk_stack   0x0000000020000000    0x12000 bmptk_fixed_size_stack.o
                0x0000000020000000                bmptk_stack
                0x0000000020012000                . = ALIGN (0x8)
                0x0000000020012000                __main_stack_end = .
                [!provide]                        PROVIDE (__main_stack_end = __main_stack_end)
                0x0000000020012000                . = ALIGN (0x4)
                0x0000000020012000                __stack_end = .
                [!provide]                        PROVIDE (__stack_end = __stack_end)
                0x0000000020012000                . = ALIGN (0x4)
                0x0000000020012000                __bss_start = .
                [!provide]                        PROVIDE (__bss_start = __bss_start)
                0x0000000020012000                . = ALIGN (0x4)
 *(.bss .bss.* .gnu.linkonce.b.*)
 .bss._ZZN3due9now_ticksEvE4high
                0x0000000020012000        0x8 mpu6050.o
 .bss._ZZN3due9now_ticksEvE8last_low
                0x0000000020012008        0x4 mpu6050.o
 .bss._ZZN3due9now_ticksEvE9init_done
                0x000000002001200c        0x1 mpu6050.o
                0x0000000020012010                . = ALIGN (0x4)
 *fill*         0x000000002001200d        0x3 
 *(COMMON)
                0x0000000020012010                . = ALIGN (0x4)
                0x0000000020012010                __bss_end = .
                [!provide]                        PROVIDE (__bss_end = __bss_end)

.data           0x0000000020012010        0x4 load address 0x00000000000040d8
                0x0000000020012010                . = ALIGN (0x4)
                0x00000000000040d8                __data_init_start = LOADADDR (.data)
                [!provide]                        PROVIDE (__data_init_start = __data_init_start)
                0x0000000020012010                __data_start = .
                [!provide]                        PROVIDE (__data_start = __data_start)
                0x0000000020012010                . = ALIGN (0x4)
 *(.data .data.* .gnu.linkonce.d.*)
 .data._ZN6sam3xa15SystemCoreClockE
                0x0000000020012010        0x4 mpu6050.o
                0x0000000020012010                sam3xa::SystemCoreClock
                0x0000000020012014                . = ALIGN (0x4)
                0x0000000020012014                __data_end = .
                [!provide]                        PROVIDE (__data_end = __data_end)
                0x00000000000040d8                __data_init_end = LOADADDR (.data)
                [!provide]                        PROVIDE (__data_init_end = __data_init_end)
                [!provide]                        PROVIDE (__data_size = (__data_end - __data_start))
                [!provide]                        PROVIDE (__data_init_size = __data_size)
                [!provide]                        PROVIDE (__data_init_end = (__data_init_start + __data_init_size))

.igot.plt       0x0000000020012014        0x0 load address 0x00000000000040dc
 .igot.plt      0x0000000020012014        0x0 mpu6050.o
                0x0000000020012014                . = ALIGN (0x4)
                0x0000000020012014                __heap_start = .
                [!provide]                        PROVIDE (__heap_start = __heap_start)
                0x0000000020012014                . = ALIGN (0x4)
                0x0000000020018000                __heap_end = __ram_end
                [!provide]                        PROVIDE (__heap_end = __heap_end)

.stab
 *(.stab)

.stabstr
 *(.stabstr)

.debug
 *(.debug)

.line
 *(.line)

.debug_srcinfo
 *(.debug_srcinfo)

.debug_sfnames
 *(.debug_sfnames)

.debug_aranges
 *(.debug_aranges)

.debug_pubnames
 *(.debug_pubnames)

.debug_info
 *(.debug_info .gnu.linkonce.wi.*)

.debug_abbrev
 *(.debug_abbrev)

.debug_line
 *(.debug_line)

.debug_frame    0x0000000000000000      0x1d0
 *(.debug_frame)
 .debug_frame   0x0000000000000000       0x4c /usr/bin/../lib/gcc/arm-none-eabi/7.3.1/thumb/v7-m/libgcc.a(_arm_addsubsf3.o)
 .debug_frame   0x000000000000004c       0x38 /usr/bin/../lib/gcc/arm-none-eabi/7.3.1/thumb/v7-m/libgcc.a(_arm_muldivsf3.o)
 .debug_frame   0x0000000000000084       0xc8 /usr/bin/../lib/gcc/arm-none-eabi/7.3.1/thumb/v7-m/libgcc.a(_arm_cmpsf2.o)
 .debug_frame   0x000000000000014c       0x24 /usr/bin/../lib/gcc/arm-none-eabi/7.3.1/thumb/v7-m/libgcc.a(_arm_fixsfsi.o)
 .debug_frame   0x0000000000000170       0x2c /usr/bin/../lib/gcc/arm-none-eabi/7.3.1/thumb/v7-m/libgcc.a(_aeabi_uldivmod.o)
 .debug_frame   0x000000000000019c       0x34 /usr/bin/../lib/gcc/arm-none-eabi/7.3.1/thumb/v7-m/libgcc.a(_udivmoddi4.o)

.comment        0x0000000000000000       0x7f
 .comment       0x0000000000000000       0x7f mpu6050.o
                                         0x80 (size before relaxing)
 .comment       0x000000000000007f       0x80 hwlib.o
 .comment       0x000000000000007f       0x80 main.o
 .comment       0x000000000000007f       0x80 bmptk_cortex.o
 .comment       0x000000000000007f       0x80 bmptk_fixed_size_stack.o

.debug_str
 *(.debug_str)

.debug_loc
 *(.debug_loc)

.debug_macinfo
 *(.debug_macinfo)

.debug_weaknames
 *(.debug_weaknames)

.debug_funcnames
 *(.debug_funcnames)

.debug_typenames
 *(.debug_typenames)

.debug_varnames
 *(.debug_varnames)

.note.gnu.arm.ident
 *(.note.gnu.arm.ident)

.ARM.attributes
                0x0000000000000000       0x31
 *(.ARM.attributes)
 .ARM.attributes
                0x0000000000000000       0x33 mpu6050.o
 .ARM.attributes
                0x0000000000000033       0x33 hwlib.o
 .ARM.attributes
                0x0000000000000066       0x33 main.o
 .ARM.attributes
                0x0000000000000099       0x33 bmptk_cortex.o
 .ARM.attributes
                0x00000000000000cc       0x33 bmptk_heap_none.o
 .ARM.attributes
                0x00000000000000ff       0x33 bmptk_fixed_size_stack.o
 .ARM.attributes
                0x0000000000000132       0x1d /usr/bin/../lib/gcc/arm-none-eabi/7.3.1/thumb/v7-m/libgcc.a(_arm_addsubdf3.o)
 .ARM.attributes
                0x000000000000014f       0x1d /usr/bin/../lib/gcc/arm-none-eabi/7.3.1/thumb/v7-m/libgcc.a(_arm_muldivdf3.o)
 .ARM.attributes
                0x000000000000016c       0x1d /usr/bin/../lib/gcc/arm-none-eabi/7.3.1/thumb/v7-m/libgcc.a(_arm_truncdfsf2.o)
 .ARM.attributes
                0x0000000000000189       0x1d /usr/bin/../lib/gcc/arm-none-eabi/7.3.1/thumb/v7-m/libgcc.a(_arm_addsubsf3.o)
 .ARM.attributes
                0x00000000000001a6       0x1d /usr/bin/../lib/gcc/arm-none-eabi/7.3.1/thumb/v7-m/libgcc.a(_arm_muldivsf3.o)
 .ARM.attributes
                0x00000000000001c3       0x1d /usr/bin/../lib/gcc/arm-none-eabi/7.3.1/thumb/v7-m/libgcc.a(_arm_cmpsf2.o)
 .ARM.attributes
                0x00000000000001e0       0x1d /usr/bin/../lib/gcc/arm-none-eabi/7.3.1/thumb/v7-m/libgcc.a(_arm_fixsfsi.o)
 .ARM.attributes
                0x00000000000001fd       0x1d /usr/bin/../lib/gcc/arm-none-eabi/7.3.1/thumb/v7-m/libgcc.a(_aeabi_uldivmod.o)
 .ARM.attributes
                0x000000000000021a       0x2d /usr/bin/../lib/gcc/arm-none-eabi/7.3.1/thumb/v7-m/libgcc.a(_udivmoddi4.o)
 .ARM.attributes
                0x0000000000000247       0x1d /usr/bin/../lib/gcc/arm-none-eabi/7.3.1/thumb/v7-m/libgcc.a(_dvmd_tls.o)
 .ARM.attributes
                0x0000000000000264       0x1b /usr/bin/../lib/gcc/arm-none-eabi/7.3.1/../../../../arm-none-eabi/lib/thumb/v7-m/libc.a(lib_a-memcpy.o)

/DISCARD/
 *(.note.GNU-stack)
                [!provide]                        PROVIDE (__text_size = (__text_end - __text_start))
                [!provide]                        PROVIDE (__exidx_size = (__exidx_end - __exidx_start))
                [!provide]                        PROVIDE (__bss_size = (__bss_end - __bss_start))
                [!provide]                        PROVIDE (__stack_size = (__stack_end - __stack_start))
                [!provide]                        PROVIDE (__heap_size = (__heap_end - __heap_start))
OUTPUT(main.elf elf32-littlearm)
